[0.006s] Invoking command in '/home/aditya/Cpps/Dexter/build/dexter_moveit': AMENT_PREFIX_PATH=/home/aditya/Cpps/Dexter/install/dexter_description:${AMENT_PREFIX_PATH} CMAKE_PREFIX_PATH=/home/aditya/Cpps/Dexter/install/dexter_description:/home/aditya/ros2_ws/install/my_robot_bringup:/home/aditya/ros2_ws/install/my_cpp_pkg:/home/aditya/ros2_ws/install/my_robot_interfaces:/opt/ros/jazzy/opt/gz_sim_vendor:/opt/ros/jazzy/opt/gz_sensors_vendor:/opt/ros/jazzy/opt/gz_physics_vendor:/opt/ros/jazzy/opt/sdformat_vendor:/opt/ros/jazzy/opt/gz_gui_vendor:/opt/ros/jazzy/opt/gz_transport_vendor:/opt/ros/jazzy/opt/gz_rendering_vendor:/opt/ros/jazzy/opt/gz_plugin_vendor:/opt/ros/jazzy/opt/gz_fuel_tools_vendor:/opt/ros/jazzy/opt/gz_msgs_vendor:/opt/ros/jazzy/opt/gz_common_vendor:/opt/ros/jazzy/opt/gz_math_vendor:/opt/ros/jazzy/opt/gz_utils_vendor:/opt/ros/jazzy/opt/gz_tools_vendor:/opt/ros/jazzy/opt/gz_ogre_next_vendor:/opt/ros/jazzy/opt/gz_dartsim_vendor:/opt/ros/jazzy/opt/gz_cmake_vendor:/home/aditya/ros2_ws/install/my_py_pkg:/opt/ros/jazzy DEBUGINFOD_URLS=https://debuginfod.ubuntu.com PS1=\[\e]0;\u@\h: \w\a\]${debian_chroot:+($debian_chroot)}\[\033[01;32m\]\u@\h\[\033[00m\]:\[\033[01;34m\]\w\[\033[00m\]\$ VIRTUAL_ENV_PROMPT=(venv-ardupilot) /usr/bin/cmake /home/aditya/Cpps/Dexter/dexter_moveit -DCMAKE_INSTALL_PREFIX=/home/aditya/Cpps/Dexter/install/dexter_moveit
[0.047s] -- The C compiler identification is GNU 13.3.0
[0.087s] -- The CXX compiler identification is GNU 13.3.0
[0.100s] -- Detecting C compiler ABI info
[0.177s] -- Detecting C compiler ABI info - done
[0.184s] -- Check for working C compiler: /usr/bin/cc - skipped
[0.184s] -- Detecting C compile features
[0.184s] -- Detecting C compile features - done
[0.195s] -- Detecting CXX compiler ABI info
[0.273s] -- Detecting CXX compiler ABI info - done
[0.280s] -- Check for working CXX compiler: /usr/bin/c++ - skipped
[0.281s] -- Detecting CXX compile features
[0.281s] -- Detecting CXX compile features - done
[0.284s] -- Found ament_cmake: 2.5.6 (/opt/ros/jazzy/share/ament_cmake/cmake)
[0.392s] -- Found Python3: /home/aditya/venv-ardupilot/bin/python3 (found version "3.12.3") found components: Interpreter 
[0.481s] -- Found ament_lint_auto: 0.17.5 (/opt/ros/jazzy/share/ament_lint_auto/cmake)
[0.565s] -- Added test 'copyright' to check source files copyright and LICENSE
[0.566s] -- Added test 'flake8' to check Python code syntax and style conventions
[0.566s] -- Configured 'flake8' exclude dirs and/or files: 
[0.567s] -- Added test 'lint_cmake' to check CMake code style
[0.567s] -- Added test 'pep257' to check Python code against some of the docstring style conventions in PEP 257
[0.568s] -- Added test 'xmllint' to check XML markup files
[0.569s] -- Configuring done (0.6s)
[0.571s] -- Generating done (0.0s)
[0.572s] -- Build files have been written to: /home/aditya/Cpps/Dexter/build/dexter_moveit
[0.575s] Invoked command in '/home/aditya/Cpps/Dexter/build/dexter_moveit' returned '0': AMENT_PREFIX_PATH=/home/aditya/Cpps/Dexter/install/dexter_description:${AMENT_PREFIX_PATH} CMAKE_PREFIX_PATH=/home/aditya/Cpps/Dexter/install/dexter_description:/home/aditya/ros2_ws/install/my_robot_bringup:/home/aditya/ros2_ws/install/my_cpp_pkg:/home/aditya/ros2_ws/install/my_robot_interfaces:/opt/ros/jazzy/opt/gz_sim_vendor:/opt/ros/jazzy/opt/gz_sensors_vendor:/opt/ros/jazzy/opt/gz_physics_vendor:/opt/ros/jazzy/opt/sdformat_vendor:/opt/ros/jazzy/opt/gz_gui_vendor:/opt/ros/jazzy/opt/gz_transport_vendor:/opt/ros/jazzy/opt/gz_rendering_vendor:/opt/ros/jazzy/opt/gz_plugin_vendor:/opt/ros/jazzy/opt/gz_fuel_tools_vendor:/opt/ros/jazzy/opt/gz_msgs_vendor:/opt/ros/jazzy/opt/gz_common_vendor:/opt/ros/jazzy/opt/gz_math_vendor:/opt/ros/jazzy/opt/gz_utils_vendor:/opt/ros/jazzy/opt/gz_tools_vendor:/opt/ros/jazzy/opt/gz_ogre_next_vendor:/opt/ros/jazzy/opt/gz_dartsim_vendor:/opt/ros/jazzy/opt/gz_cmake_vendor:/home/aditya/ros2_ws/install/my_py_pkg:/opt/ros/jazzy DEBUGINFOD_URLS=https://debuginfod.ubuntu.com PS1=\[\e]0;\u@\h: \w\a\]${debian_chroot:+($debian_chroot)}\[\033[01;32m\]\u@\h\[\033[00m\]:\[\033[01;34m\]\w\[\033[00m\]\$ VIRTUAL_ENV_PROMPT=(venv-ardupilot) /usr/bin/cmake /home/aditya/Cpps/Dexter/dexter_moveit -DCMAKE_INSTALL_PREFIX=/home/aditya/Cpps/Dexter/install/dexter_moveit
[0.575s] Invoking command in '/home/aditya/Cpps/Dexter/build/dexter_moveit': AMENT_PREFIX_PATH=/home/aditya/Cpps/Dexter/install/dexter_description:${AMENT_PREFIX_PATH} CMAKE_PREFIX_PATH=/home/aditya/Cpps/Dexter/install/dexter_description:/home/aditya/ros2_ws/install/my_robot_bringup:/home/aditya/ros2_ws/install/my_cpp_pkg:/home/aditya/ros2_ws/install/my_robot_interfaces:/opt/ros/jazzy/opt/gz_sim_vendor:/opt/ros/jazzy/opt/gz_sensors_vendor:/opt/ros/jazzy/opt/gz_physics_vendor:/opt/ros/jazzy/opt/sdformat_vendor:/opt/ros/jazzy/opt/gz_gui_vendor:/opt/ros/jazzy/opt/gz_transport_vendor:/opt/ros/jazzy/opt/gz_rendering_vendor:/opt/ros/jazzy/opt/gz_plugin_vendor:/opt/ros/jazzy/opt/gz_fuel_tools_vendor:/opt/ros/jazzy/opt/gz_msgs_vendor:/opt/ros/jazzy/opt/gz_common_vendor:/opt/ros/jazzy/opt/gz_math_vendor:/opt/ros/jazzy/opt/gz_utils_vendor:/opt/ros/jazzy/opt/gz_tools_vendor:/opt/ros/jazzy/opt/gz_ogre_next_vendor:/opt/ros/jazzy/opt/gz_dartsim_vendor:/opt/ros/jazzy/opt/gz_cmake_vendor:/home/aditya/ros2_ws/install/my_py_pkg:/opt/ros/jazzy DEBUGINFOD_URLS=https://debuginfod.ubuntu.com PS1=\[\e]0;\u@\h: \w\a\]${debian_chroot:+($debian_chroot)}\[\033[01;32m\]\u@\h\[\033[00m\]:\[\033[01;34m\]\w\[\033[00m\]\$ VIRTUAL_ENV_PROMPT=(venv-ardupilot) /usr/bin/cmake --build /home/aditya/Cpps/Dexter/build/dexter_moveit -- -j28 -l28
[0.610s] Invoked command in '/home/aditya/Cpps/Dexter/build/dexter_moveit' returned '0': AMENT_PREFIX_PATH=/home/aditya/Cpps/Dexter/install/dexter_description:${AMENT_PREFIX_PATH} CMAKE_PREFIX_PATH=/home/aditya/Cpps/Dexter/install/dexter_description:/home/aditya/ros2_ws/install/my_robot_bringup:/home/aditya/ros2_ws/install/my_cpp_pkg:/home/aditya/ros2_ws/install/my_robot_interfaces:/opt/ros/jazzy/opt/gz_sim_vendor:/opt/ros/jazzy/opt/gz_sensors_vendor:/opt/ros/jazzy/opt/gz_physics_vendor:/opt/ros/jazzy/opt/sdformat_vendor:/opt/ros/jazzy/opt/gz_gui_vendor:/opt/ros/jazzy/opt/gz_transport_vendor:/opt/ros/jazzy/opt/gz_rendering_vendor:/opt/ros/jazzy/opt/gz_plugin_vendor:/opt/ros/jazzy/opt/gz_fuel_tools_vendor:/opt/ros/jazzy/opt/gz_msgs_vendor:/opt/ros/jazzy/opt/gz_common_vendor:/opt/ros/jazzy/opt/gz_math_vendor:/opt/ros/jazzy/opt/gz_utils_vendor:/opt/ros/jazzy/opt/gz_tools_vendor:/opt/ros/jazzy/opt/gz_ogre_next_vendor:/opt/ros/jazzy/opt/gz_dartsim_vendor:/opt/ros/jazzy/opt/gz_cmake_vendor:/home/aditya/ros2_ws/install/my_py_pkg:/opt/ros/jazzy DEBUGINFOD_URLS=https://debuginfod.ubuntu.com PS1=\[\e]0;\u@\h: \w\a\]${debian_chroot:+($debian_chroot)}\[\033[01;32m\]\u@\h\[\033[00m\]:\[\033[01;34m\]\w\[\033[00m\]\$ VIRTUAL_ENV_PROMPT=(venv-ardupilot) /usr/bin/cmake --build /home/aditya/Cpps/Dexter/build/dexter_moveit -- -j28 -l28
[0.611s] Invoking command in '/home/aditya/Cpps/Dexter/build/dexter_moveit': AMENT_PREFIX_PATH=/home/aditya/Cpps/Dexter/install/dexter_description:${AMENT_PREFIX_PATH} CMAKE_PREFIX_PATH=/home/aditya/Cpps/Dexter/install/dexter_description:/home/aditya/ros2_ws/install/my_robot_bringup:/home/aditya/ros2_ws/install/my_cpp_pkg:/home/aditya/ros2_ws/install/my_robot_interfaces:/opt/ros/jazzy/opt/gz_sim_vendor:/opt/ros/jazzy/opt/gz_sensors_vendor:/opt/ros/jazzy/opt/gz_physics_vendor:/opt/ros/jazzy/opt/sdformat_vendor:/opt/ros/jazzy/opt/gz_gui_vendor:/opt/ros/jazzy/opt/gz_transport_vendor:/opt/ros/jazzy/opt/gz_rendering_vendor:/opt/ros/jazzy/opt/gz_plugin_vendor:/opt/ros/jazzy/opt/gz_fuel_tools_vendor:/opt/ros/jazzy/opt/gz_msgs_vendor:/opt/ros/jazzy/opt/gz_common_vendor:/opt/ros/jazzy/opt/gz_math_vendor:/opt/ros/jazzy/opt/gz_utils_vendor:/opt/ros/jazzy/opt/gz_tools_vendor:/opt/ros/jazzy/opt/gz_ogre_next_vendor:/opt/ros/jazzy/opt/gz_dartsim_vendor:/opt/ros/jazzy/opt/gz_cmake_vendor:/home/aditya/ros2_ws/install/my_py_pkg:/opt/ros/jazzy DEBUGINFOD_URLS=https://debuginfod.ubuntu.com PS1=\[\e]0;\u@\h: \w\a\]${debian_chroot:+($debian_chroot)}\[\033[01;32m\]\u@\h\[\033[00m\]:\[\033[01;34m\]\w\[\033[00m\]\$ VIRTUAL_ENV_PROMPT=(venv-ardupilot) /usr/bin/cmake --install /home/aditya/Cpps/Dexter/build/dexter_moveit
[0.619s] -- Install configuration: ""
[0.619s] -- Installing: /home/aditya/Cpps/Dexter/install/dexter_moveit/share/dexter_moveit/launch
[0.619s] -- Installing: /home/aditya/Cpps/Dexter/install/dexter_moveit/share/dexter_moveit/launch/moveit.launch.py
[0.619s] -- Installing: /home/aditya/Cpps/Dexter/install/dexter_moveit/share/dexter_moveit/config
[0.619s] -- Installing: /home/aditya/Cpps/Dexter/install/dexter_moveit/share/dexter_moveit/config/moveit_controllers.yaml
[0.619s] -- Installing: /home/aditya/Cpps/Dexter/install/dexter_moveit/share/dexter_moveit/config/planning_python_api.yaml
[0.619s] -- Installing: /home/aditya/Cpps/Dexter/install/dexter_moveit/share/dexter_moveit/config/moveit.rviz
[0.620s] -- Installing: /home/aditya/Cpps/Dexter/install/dexter_moveit/share/dexter_moveit/config/joint_limits.yaml
[0.620s] -- Installing: /home/aditya/Cpps/Dexter/install/dexter_moveit/share/dexter_moveit/config/initial_positions.yaml
[0.620s] -- Installing: /home/aditya/Cpps/Dexter/install/dexter_moveit/share/dexter_moveit/config/dexter.srdf
[0.620s] -- Installing: /home/aditya/Cpps/Dexter/install/dexter_moveit/share/dexter_moveit/config/pilz_cartesian_limits.yaml
[0.620s] -- Installing: /home/aditya/Cpps/Dexter/install/dexter_moveit/share/dexter_moveit/config/kinematics.yaml
[0.621s] -- Installing: /home/aditya/Cpps/Dexter/install/dexter_moveit/share/ament_index/resource_index/package_run_dependencies/dexter_moveit
[0.621s] -- Installing: /home/aditya/Cpps/Dexter/install/dexter_moveit/share/ament_index/resource_index/parent_prefix_path/dexter_moveit
[0.621s] -- Installing: /home/aditya/Cpps/Dexter/install/dexter_moveit/share/dexter_moveit/environment/ament_prefix_path.sh
[0.621s] -- Installing: /home/aditya/Cpps/Dexter/install/dexter_moveit/share/dexter_moveit/environment/ament_prefix_path.dsv
[0.621s] -- Installing: /home/aditya/Cpps/Dexter/install/dexter_moveit/share/dexter_moveit/environment/path.sh
[0.621s] -- Installing: /home/aditya/Cpps/Dexter/install/dexter_moveit/share/dexter_moveit/environment/path.dsv
[0.621s] -- Installing: /home/aditya/Cpps/Dexter/install/dexter_moveit/share/dexter_moveit/local_setup.bash
[0.621s] -- Installing: /home/aditya/Cpps/Dexter/install/dexter_moveit/share/dexter_moveit/local_setup.sh
[0.621s] -- Installing: /home/aditya/Cpps/Dexter/install/dexter_moveit/share/dexter_moveit/local_setup.zsh
[0.621s] -- Installing: /home/aditya/Cpps/Dexter/install/dexter_moveit/share/dexter_moveit/local_setup.dsv
[0.622s] -- Installing: /home/aditya/Cpps/Dexter/install/dexter_moveit/share/dexter_moveit/package.dsv
[0.622s] -- Installing: /home/aditya/Cpps/Dexter/install/dexter_moveit/share/ament_index/resource_index/packages/dexter_moveit
[0.622s] -- Installing: /home/aditya/Cpps/Dexter/install/dexter_moveit/share/dexter_moveit/cmake/dexter_moveitConfig.cmake
[0.622s] -- Installing: /home/aditya/Cpps/Dexter/install/dexter_moveit/share/dexter_moveit/cmake/dexter_moveitConfig-version.cmake
[0.622s] -- Installing: /home/aditya/Cpps/Dexter/install/dexter_moveit/share/dexter_moveit/package.xml
[0.623s] Invoked command in '/home/aditya/Cpps/Dexter/build/dexter_moveit' returned '0': AMENT_PREFIX_PATH=/home/aditya/Cpps/Dexter/install/dexter_description:${AMENT_PREFIX_PATH} CMAKE_PREFIX_PATH=/home/aditya/Cpps/Dexter/install/dexter_description:/home/aditya/ros2_ws/install/my_robot_bringup:/home/aditya/ros2_ws/install/my_cpp_pkg:/home/aditya/ros2_ws/install/my_robot_interfaces:/opt/ros/jazzy/opt/gz_sim_vendor:/opt/ros/jazzy/opt/gz_sensors_vendor:/opt/ros/jazzy/opt/gz_physics_vendor:/opt/ros/jazzy/opt/sdformat_vendor:/opt/ros/jazzy/opt/gz_gui_vendor:/opt/ros/jazzy/opt/gz_transport_vendor:/opt/ros/jazzy/opt/gz_rendering_vendor:/opt/ros/jazzy/opt/gz_plugin_vendor:/opt/ros/jazzy/opt/gz_fuel_tools_vendor:/opt/ros/jazzy/opt/gz_msgs_vendor:/opt/ros/jazzy/opt/gz_common_vendor:/opt/ros/jazzy/opt/gz_math_vendor:/opt/ros/jazzy/opt/gz_utils_vendor:/opt/ros/jazzy/opt/gz_tools_vendor:/opt/ros/jazzy/opt/gz_ogre_next_vendor:/opt/ros/jazzy/opt/gz_dartsim_vendor:/opt/ros/jazzy/opt/gz_cmake_vendor:/home/aditya/ros2_ws/install/my_py_pkg:/opt/ros/jazzy DEBUGINFOD_URLS=https://debuginfod.ubuntu.com PS1=\[\e]0;\u@\h: \w\a\]${debian_chroot:+($debian_chroot)}\[\033[01;32m\]\u@\h\[\033[00m\]:\[\033[01;34m\]\w\[\033[00m\]\$ VIRTUAL_ENV_PROMPT=(venv-ardupilot) /usr/bin/cmake --install /home/aditya/Cpps/Dexter/build/dexter_moveit
