[0.009s] Invoking command in '/home/aditya/Cpps/Dexter/build/dexter_description': CMAKE_PREFIX_PATH=${CMAKE_PREFIX_PATH}:/home/aditya/ros2_ws/install/my_py_pkg:/opt/ros/jazzy DEBUGINFOD_URLS=https://debuginfod.ubuntu.com PS1=\[\e]0;\u@\h: \w\a\]${debian_chroot:+($debian_chroot)}\[\033[01;32m\]\u@\h\[\033[00m\]:\[\033[01;34m\]\w\[\033[00m\]\$ VIRTUAL_ENV_PROMPT=(venv-ardupilot) /usr/bin/cmake /home/aditya/Cpps/Dexter/dexter_description -DCMAKE_INSTALL_PREFIX=/home/aditya/Cpps/Dexter/install/dexter_description
[0.114s] -- The C compiler identification is GNU 13.3.0
[0.221s] -- The CXX compiler identification is GNU 13.3.0
[0.241s] -- Detecting C compiler ABI info
[0.355s] -- Detecting C compiler ABI info - done
[0.366s] -- Check for working C compiler: /usr/bin/cc - skipped
[0.366s] -- Detecting C compile features
[0.366s] -- Detecting C compile features - done
[0.380s] -- Detecting CXX compiler ABI info
[0.477s] -- Detecting CXX compiler ABI info - done
[0.485s] -- Check for working CXX compiler: /usr/bin/c++ - skipped
[0.485s] -- Detecting CXX compile features
[0.486s] -- Detecting CXX compile features - done
[0.494s] -- Found ament_cmake: 2.5.6 (/opt/ros/jazzy/share/ament_cmake/cmake)
[0.620s] -- Found Python3: /home/aditya/venv-ardupilot/bin/python3 (found version "3.12.3") found components: Interpreter 
[0.829s] -- ArUco textures already present — skipping generation
[0.831s] -- Found ament_lint_auto: 0.17.5 (/opt/ros/jazzy/share/ament_lint_auto/cmake)
[0.927s] -- Added test 'copyright' to check source files copyright and LICENSE
[0.929s] -- Added test 'flake8' to check Python code syntax and style conventions
[0.929s] -- Configured 'flake8' exclude dirs and/or files: 
[0.930s] -- Added test 'lint_cmake' to check CMake code style
[0.931s] -- Added test 'pep257' to check Python code against some of the docstring style conventions in PEP 257
[0.932s] -- Added test 'xmllint' to check XML markup files
[0.934s] -- Configuring done (0.9s)
[0.935s] -- Generating done (0.0s)
[0.936s] -- Build files have been written to: /home/aditya/Cpps/Dexter/build/dexter_description
[0.940s] Invoked command in '/home/aditya/Cpps/Dexter/build/dexter_description' returned '0': CMAKE_PREFIX_PATH=${CMAKE_PREFIX_PATH}:/home/aditya/ros2_ws/install/my_py_pkg:/opt/ros/jazzy DEBUGINFOD_URLS=https://debuginfod.ubuntu.com PS1=\[\e]0;\u@\h: \w\a\]${debian_chroot:+($debian_chroot)}\[\033[01;32m\]\u@\h\[\033[00m\]:\[\033[01;34m\]\w\[\033[00m\]\$ VIRTUAL_ENV_PROMPT=(venv-ardupilot) /usr/bin/cmake /home/aditya/Cpps/Dexter/dexter_description -DCMAKE_INSTALL_PREFIX=/home/aditya/Cpps/Dexter/install/dexter_description
[0.940s] Invoking command in '/home/aditya/Cpps/Dexter/build/dexter_description': CMAKE_PREFIX_PATH=${CMAKE_PREFIX_PATH}:/home/aditya/ros2_ws/install/my_py_pkg:/opt/ros/jazzy DEBUGINFOD_URLS=https://debuginfod.ubuntu.com PS1=\[\e]0;\u@\h: \w\a\]${debian_chroot:+($debian_chroot)}\[\033[01;32m\]\u@\h\[\033[00m\]:\[\033[01;34m\]\w\[\033[00m\]\$ VIRTUAL_ENV_PROMPT=(venv-ardupilot) /usr/bin/cmake --build /home/aditya/Cpps/Dexter/build/dexter_description -- -j28 -l28
[0.972s] Invoked command in '/home/aditya/Cpps/Dexter/build/dexter_description' returned '0': CMAKE_PREFIX_PATH=${CMAKE_PREFIX_PATH}:/home/aditya/ros2_ws/install/my_py_pkg:/opt/ros/jazzy DEBUGINFOD_URLS=https://debuginfod.ubuntu.com PS1=\[\e]0;\u@\h: \w\a\]${debian_chroot:+($debian_chroot)}\[\033[01;32m\]\u@\h\[\033[00m\]:\[\033[01;34m\]\w\[\033[00m\]\$ VIRTUAL_ENV_PROMPT=(venv-ardupilot) /usr/bin/cmake --build /home/aditya/Cpps/Dexter/build/dexter_description -- -j28 -l28
[0.979s] Invoking command in '/home/aditya/Cpps/Dexter/build/dexter_description': CMAKE_PREFIX_PATH=${CMAKE_PREFIX_PATH}:/home/aditya/ros2_ws/install/my_py_pkg:/opt/ros/jazzy DEBUGINFOD_URLS=https://debuginfod.ubuntu.com PS1=\[\e]0;\u@\h: \w\a\]${debian_chroot:+($debian_chroot)}\[\033[01;32m\]\u@\h\[\033[00m\]:\[\033[01;34m\]\w\[\033[00m\]\$ VIRTUAL_ENV_PROMPT=(venv-ardupilot) /usr/bin/cmake --install /home/aditya/Cpps/Dexter/build/dexter_description
[0.985s] -- Install configuration: ""
[0.985s] -- Installing: /home/aditya/Cpps/Dexter/install/dexter_description/share/dexter_description/launch
[0.985s] -- Installing: /home/aditya/Cpps/Dexter/install/dexter_description/share/dexter_description/launch/display.launch.py
[0.986s] -- Installing: /home/aditya/Cpps/Dexter/install/dexter_description/share/dexter_description/launch/gazebo.launch.py
[0.986s] -- Installing: /home/aditya/Cpps/Dexter/install/dexter_description/share/dexter_description/meshes
[0.986s] -- Installing: /home/aditya/Cpps/Dexter/install/dexter_description/share/dexter_description/meshes/link.STL
[0.987s] -- Installing: /home/aditya/Cpps/Dexter/install/dexter_description/share/dexter_description/meshes/round_plate.STL
[0.988s] -- Installing: /home/aditya/Cpps/Dexter/install/dexter_description/share/dexter_description/meshes/triangular_link.STL
[0.989s] -- Installing: /home/aditya/Cpps/Dexter/install/dexter_description/share/dexter_description/meshes/plate.STL
[0.991s] -- Installing: /home/aditya/Cpps/Dexter/install/dexter_description/share/dexter_description/meshes/left_finger.STL
[0.992s] -- Installing: /home/aditya/Cpps/Dexter/install/dexter_description/share/dexter_description/meshes/basement.STL
[0.993s] -- Installing: /home/aditya/Cpps/Dexter/install/dexter_description/share/dexter_description/meshes/right_finger.STL
[0.993s] -- Installing: /home/aditya/Cpps/Dexter/install/dexter_description/share/dexter_description/meshes/base_plate.STL
[0.996s] -- Installing: /home/aditya/Cpps/Dexter/install/dexter_description/share/dexter_description/meshes/forward_drive_arm.STL
[0.998s] -- Installing: /home/aditya/Cpps/Dexter/install/dexter_description/share/dexter_description/meshes/claw_support.STL
[0.999s] -- Installing: /home/aditya/Cpps/Dexter/install/dexter_description/share/dexter_description/meshes/servo_plate.STL
[0.999s] -- Installing: /home/aditya/Cpps/Dexter/install/dexter_description/share/dexter_description/meshes/horizontal_arm.STL
[1.001s] -- Installing: /home/aditya/Cpps/Dexter/install/dexter_description/share/dexter_description/meshes/vertical_drive_arm.STL
[1.002s] -- Installing: /home/aditya/Cpps/Dexter/install/dexter_description/share/dexter_description/urdf
[1.002s] -- Installing: /home/aditya/Cpps/Dexter/install/dexter_description/share/dexter_description/urdf/dexter_gazebo.xacro
[1.002s] -- Installing: /home/aditya/Cpps/Dexter/install/dexter_description/share/dexter_description/urdf/dexter.urdf.xacro
[1.002s] -- Installing: /home/aditya/Cpps/Dexter/install/dexter_description/share/dexter_description/urdf/dexter_ros2_control.xacro
[1.002s] -- Installing: /home/aditya/Cpps/Dexter/install/dexter_description/share/dexter_description/rviz
[1.002s] -- Installing: /home/aditya/Cpps/Dexter/install/dexter_description/share/dexter_description/rviz/display.rviz
[1.003s] -- Installing: /home/aditya/Cpps/Dexter/install/dexter_description/share/dexter_description/worlds
[1.003s] -- Installing: /home/aditya/Cpps/Dexter/install/dexter_description/share/dexter_description/worlds/inventory.sdf
[1.003s] -- Installing: /home/aditya/Cpps/Dexter/install/dexter_description/share/dexter_description/textures
[1.003s] -- Installing: /home/aditya/Cpps/Dexter/install/dexter_description/share/dexter_description/textures/aruco_5.png
[1.003s] -- Installing: /home/aditya/Cpps/Dexter/install/dexter_description/share/dexter_description/textures/aruco_12.png
[1.003s] -- Installing: /home/aditya/Cpps/Dexter/install/dexter_description/share/dexter_description/textures/aruco_4.png
[1.003s] -- Installing: /home/aditya/Cpps/Dexter/install/dexter_description/share/dexter_description/textures/aruco_1.png
[1.003s] -- Installing: /home/aditya/Cpps/Dexter/install/dexter_description/share/dexter_description/textures/aruco_3.png
[1.003s] -- Installing: /home/aditya/Cpps/Dexter/install/dexter_description/share/dexter_description/textures/aruco_10.png
[1.003s] -- Installing: /home/aditya/Cpps/Dexter/install/dexter_description/share/dexter_description/textures/aruco_21.png
[1.004s] -- Installing: /home/aditya/Cpps/Dexter/install/dexter_description/share/dexter_description/textures/aruco_11.png
[1.004s] -- Installing: /home/aditya/Cpps/Dexter/install/dexter_description/share/dexter_description/textures/aruco_20.png
[1.004s] -- Installing: /home/aditya/Cpps/Dexter/install/dexter_description/share/dexter_description/textures/aruco_2.png
[1.004s] -- Installing: /home/aditya/Cpps/Dexter/install/dexter_description/share/dexter_description/textures/aruco_13.png
[1.004s] -- Installing: /home/aditya/Cpps/Dexter/install/dexter_description/share/dexter_description/scripts
[1.004s] -- Installing: /home/aditya/Cpps/Dexter/install/dexter_description/share/dexter_description/scripts/generate_aruco_textures.py
[1.004s] -- Installing: /home/aditya/Cpps/Dexter/install/dexter_description/share/ament_index/resource_index/package_run_dependencies/dexter_description
[1.004s] -- Installing: /home/aditya/Cpps/Dexter/install/dexter_description/share/ament_index/resource_index/parent_prefix_path/dexter_description
[1.005s] -- Installing: /home/aditya/Cpps/Dexter/install/dexter_description/share/dexter_description/environment/ament_prefix_path.sh
[1.005s] -- Installing: /home/aditya/Cpps/Dexter/install/dexter_description/share/dexter_description/environment/ament_prefix_path.dsv
[1.005s] -- Installing: /home/aditya/Cpps/Dexter/install/dexter_description/share/dexter_description/environment/path.sh
[1.005s] -- Installing: /home/aditya/Cpps/Dexter/install/dexter_description/share/dexter_description/environment/path.dsv
[1.005s] -- Installing: /home/aditya/Cpps/Dexter/install/dexter_description/share/dexter_description/local_setup.bash
[1.005s] -- Installing: /home/aditya/Cpps/Dexter/install/dexter_description/share/dexter_description/local_setup.sh
[1.005s] -- Installing: /home/aditya/Cpps/Dexter/install/dexter_description/share/dexter_description/local_setup.zsh
[1.005s] -- Installing: /home/aditya/Cpps/Dexter/install/dexter_description/share/dexter_description/local_setup.dsv
[1.005s] -- Installing: /home/aditya/Cpps/Dexter/install/dexter_description/share/dexter_description/package.dsv
[1.005s] -- Installing: /home/aditya/Cpps/Dexter/install/dexter_description/share/ament_index/resource_index/packages/dexter_description
[1.005s] -- Installing: /home/aditya/Cpps/Dexter/install/dexter_description/share/dexter_description/cmake/dexter_descriptionConfig.cmake
[1.005s] -- Installing: /home/aditya/Cpps/Dexter/install/dexter_description/share/dexter_description/cmake/dexter_descriptionConfig-version.cmake
[1.005s] -- Installing: /home/aditya/Cpps/Dexter/install/dexter_description/share/dexter_description/package.xml
[1.007s] Invoked command in '/home/aditya/Cpps/Dexter/build/dexter_description' returned '0': CMAKE_PREFIX_PATH=${CMAKE_PREFIX_PATH}:/home/aditya/ros2_ws/install/my_py_pkg:/opt/ros/jazzy DEBUGINFOD_URLS=https://debuginfod.ubuntu.com PS1=\[\e]0;\u@\h: \w\a\]${debian_chroot:+($debian_chroot)}\[\033[01;32m\]\u@\h\[\033[00m\]:\[\033[01;34m\]\w\[\033[00m\]\$ VIRTUAL_ENV_PROMPT=(venv-ardupilot) /usr/bin/cmake --install /home/aditya/Cpps/Dexter/build/dexter_description
