[0.017s] Invoking command in '/home/aditya/Cpps/Dexter/build/dexter_remote': AMENT_PREFIX_PATH=/home/aditya/Cpps/Dexter/install/dexter_inventory:/home/aditya/Cpps/Dexter/install/dexter_moveit:/home/aditya/Cpps/Dexter/install/dexter_msgs:/home/aditya/Cpps/Dexter/install/dexter_description:${AMENT_PREFIX_PATH} CMAKE_PREFIX_PATH=/home/aditya/Cpps/Dexter/install/dexter_moveit:/home/aditya/Cpps/Dexter/install/dexter_msgs:/home/aditya/Cpps/Dexter/install/dexter_description:/home/aditya/ros2_ws/install/my_robot_bringup:/home/aditya/ros2_ws/install/my_cpp_pkg:/home/aditya/ros2_ws/install/my_robot_interfaces:/opt/ros/jazzy/opt/gz_sim_vendor:/opt/ros/jazzy/opt/gz_sensors_vendor:/opt/ros/jazzy/opt/gz_physics_vendor:/opt/ros/jazzy/opt/sdformat_vendor:/opt/ros/jazzy/opt/gz_gui_vendor:/opt/ros/jazzy/opt/gz_transport_vendor:/opt/ros/jazzy/opt/gz_rendering_vendor:/opt/ros/jazzy/opt/gz_plugin_vendor:/opt/ros/jazzy/opt/gz_fuel_tools_vendor:/opt/ros/jazzy/opt/gz_msgs_vendor:/opt/ros/jazzy/opt/gz_common_vendor:/opt/ros/jazzy/opt/gz_math_vendor:/opt/ros/jazzy/opt/gz_utils_vendor:/opt/ros/jazzy/opt/gz_tools_vendor:/opt/ros/jazzy/opt/gz_ogre_next_vendor:/opt/ros/jazzy/opt/gz_dartsim_vendor:/opt/ros/jazzy/opt/gz_cmake_vendor:/home/aditya/ros2_ws/install/my_py_pkg:/opt/ros/jazzy DEBUGINFOD_URLS=https://debuginfod.ubuntu.com LD_LIBRARY_PATH=/home/aditya/Cpps/Dexter/install/dexter_msgs/lib:${LD_LIBRARY_PATH} PS1=\[\e]0;\u@\h: \w\a\]${debian_chroot:+($debian_chroot)}\[\033[01;32m\]\u@\h\[\033[00m\]:\[\033[01;34m\]\w\[\033[00m\]\$ PYTHONPATH=/home/aditya/Cpps/Dexter/install/dexter_inventory/lib/python3.12/site-packages:/home/aditya/Cpps/Dexter/install/dexter_msgs/lib/python3.12/site-packages:${PYTHONPATH} VIRTUAL_ENV_PROMPT=(venv-ardupilot) /usr/bin/cmake --build /home/aditya/Cpps/Dexter/build/dexter_remote -- -j28 -l28
[0.092s] -- Found ament_cmake: 2.5.6 (/opt/ros/jazzy/share/ament_cmake/cmake)
[0.372s] -- Found rclcpp: 28.1.18 (/opt/ros/jazzy/share/rclcpp/cmake)
[0.422s] -- Found rosidl_generator_c: 4.6.7 (/opt/ros/jazzy/share/rosidl_generator_c/cmake)
[0.433s] -- Found rosidl_generator_cpp: 4.6.7 (/opt/ros/jazzy/share/rosidl_generator_cpp/cmake)
[0.449s] -- Using all available rosidl_typesupport_c: rosidl_typesupport_fastrtps_c;rosidl_typesupport_introspection_c
[0.475s] -- Using all available rosidl_typesupport_cpp: rosidl_typesupport_fastrtps_cpp;rosidl_typesupport_introspection_cpp
[0.547s] -- Found rmw_implementation_cmake: 7.3.3 (/opt/ros/jazzy/share/rmw_implementation_cmake/cmake)
[0.549s] -- Found rmw_fastrtps_cpp: 8.4.3 (/opt/ros/jazzy/share/rmw_fastrtps_cpp/cmake)
[0.636s] -- Using RMW implementation 'rmw_fastrtps_cpp' as default
[0.717s] -- Found rclcpp_action: 28.1.18 (/opt/ros/jazzy/share/rclcpp_action/cmake)
[0.769s] -- Found rclcpp_components: 28.1.18 (/opt/ros/jazzy/share/rclcpp_components/cmake)
[0.805s] -- Found dexter_msgs: 0.0.0 (/home/aditya/Cpps/Dexter/install/dexter_msgs/share/dexter_msgs/cmake)
[0.830s] -- Found moveit_ros_planning_interface: 2.12.4 (/opt/ros/jazzy/share/moveit_ros_planning_interface/cmake)
[0.851s] -- Found Boost: /usr/lib/x86_64-linux-gnu/cmake/Boost-1.83.0/BoostConfig.cmake (found version "1.83.0") found components: date_time filesystem program_options system thread 
[1.167s] -- Found Boost: /usr/lib/x86_64-linux-gnu/cmake/Boost-1.83.0/BoostConfig.cmake (found version "1.83.0") found components: chrono date_time filesystem iostreams program_options regex serialization system thread 
[1.206s] -- Found parameter_traits: 0.7.1 (/opt/ros/jazzy/share/parameter_traits/cmake)
[1.215s] -- Found rclcpp_lifecycle: 28.1.18 (/opt/ros/jazzy/share/rclcpp_lifecycle/cmake)
[1.255s] -- Found Boost: /usr/lib/x86_64-linux-gnu/cmake/Boost-1.83.0/BoostConfig.cmake (found version "1.83.0") found components: filesystem 
[1.308s] -- Ensuring Eigen3 include directory is part of orocos-kdl CMake target
[1.425s] -- Found Boost: /usr/lib/x86_64-linux-gnu/cmake/Boost-1.83.0/BoostConfig.cmake (found version "1.83.0") found components: system filesystem date_time program_options thread chrono 
[1.474s] -- Found Boost: /usr/lib/x86_64-linux-gnu/cmake/Boost-1.83.0/BoostConfig.cmake (found version "1.83.0") found components: thread system filesystem regex date_time program_options 
[1.499s] -- Found Boost: /usr/lib/x86_64-linux-gnu/cmake/Boost-1.83.0/BoostConfig.cmake (found version "1.83.0") found components: system filesystem date_time program_options thread 
[1.533s] -- Found rclpy: 7.1.11 (/opt/ros/jazzy/share/rclpy/cmake)
[1.704s] -- Configuring done (1.6s)
[1.745s] -- Generating done (0.0s)
[1.752s] -- Build files have been written to: /home/aditya/Cpps/Dexter/build/dexter_remote
[1.811s] [ 50%] Built target task_server_node
[1.813s] [ 50%] Built target ament_cmake_python_copy_dexter_remote
[1.848s] [100%] Built target task_server
[2.001s] running egg_info
[2.017s] writing dexter_remote.egg-info/PKG-INFO
[2.018s] writing dependency_links to dexter_remote.egg-info/dependency_links.txt
[2.018s] writing top-level names to dexter_remote.egg-info/top_level.txt
[2.065s] reading manifest file 'dexter_remote.egg-info/SOURCES.txt'
[2.066s] writing manifest file 'dexter_remote.egg-info/SOURCES.txt'
[2.093s] [100%] Built target ament_cmake_python_build_dexter_remote_egg
[2.108s] Invoked command in '/home/aditya/Cpps/Dexter/build/dexter_remote' returned '0': AMENT_PREFIX_PATH=/home/aditya/Cpps/Dexter/install/dexter_inventory:/home/aditya/Cpps/Dexter/install/dexter_moveit:/home/aditya/Cpps/Dexter/install/dexter_msgs:/home/aditya/Cpps/Dexter/install/dexter_description:${AMENT_PREFIX_PATH} CMAKE_PREFIX_PATH=/home/aditya/Cpps/Dexter/install/dexter_moveit:/home/aditya/Cpps/Dexter/install/dexter_msgs:/home/aditya/Cpps/Dexter/install/dexter_description:/home/aditya/ros2_ws/install/my_robot_bringup:/home/aditya/ros2_ws/install/my_cpp_pkg:/home/aditya/ros2_ws/install/my_robot_interfaces:/opt/ros/jazzy/opt/gz_sim_vendor:/opt/ros/jazzy/opt/gz_sensors_vendor:/opt/ros/jazzy/opt/gz_physics_vendor:/opt/ros/jazzy/opt/sdformat_vendor:/opt/ros/jazzy/opt/gz_gui_vendor:/opt/ros/jazzy/opt/gz_transport_vendor:/opt/ros/jazzy/opt/gz_rendering_vendor:/opt/ros/jazzy/opt/gz_plugin_vendor:/opt/ros/jazzy/opt/gz_fuel_tools_vendor:/opt/ros/jazzy/opt/gz_msgs_vendor:/opt/ros/jazzy/opt/gz_common_vendor:/opt/ros/jazzy/opt/gz_math_vendor:/opt/ros/jazzy/opt/gz_utils_vendor:/opt/ros/jazzy/opt/gz_tools_vendor:/opt/ros/jazzy/opt/gz_ogre_next_vendor:/opt/ros/jazzy/opt/gz_dartsim_vendor:/opt/ros/jazzy/opt/gz_cmake_vendor:/home/aditya/ros2_ws/install/my_py_pkg:/opt/ros/jazzy DEBUGINFOD_URLS=https://debuginfod.ubuntu.com LD_LIBRARY_PATH=/home/aditya/Cpps/Dexter/install/dexter_msgs/lib:${LD_LIBRARY_PATH} PS1=\[\e]0;\u@\h: \w\a\]${debian_chroot:+($debian_chroot)}\[\033[01;32m\]\u@\h\[\033[00m\]:\[\033[01;34m\]\w\[\033[00m\]\$ PYTHONPATH=/home/aditya/Cpps/Dexter/install/dexter_inventory/lib/python3.12/site-packages:/home/aditya/Cpps/Dexter/install/dexter_msgs/lib/python3.12/site-packages:${PYTHONPATH} VIRTUAL_ENV_PROMPT=(venv-ardupilot) /usr/bin/cmake --build /home/aditya/Cpps/Dexter/build/dexter_remote -- -j28 -l28
[2.109s] Invoking command in '/home/aditya/Cpps/Dexter/build/dexter_remote': AMENT_PREFIX_PATH=/home/aditya/Cpps/Dexter/install/dexter_inventory:/home/aditya/Cpps/Dexter/install/dexter_moveit:/home/aditya/Cpps/Dexter/install/dexter_msgs:/home/aditya/Cpps/Dexter/install/dexter_description:${AMENT_PREFIX_PATH} CMAKE_PREFIX_PATH=/home/aditya/Cpps/Dexter/install/dexter_moveit:/home/aditya/Cpps/Dexter/install/dexter_msgs:/home/aditya/Cpps/Dexter/install/dexter_description:/home/aditya/ros2_ws/install/my_robot_bringup:/home/aditya/ros2_ws/install/my_cpp_pkg:/home/aditya/ros2_ws/install/my_robot_interfaces:/opt/ros/jazzy/opt/gz_sim_vendor:/opt/ros/jazzy/opt/gz_sensors_vendor:/opt/ros/jazzy/opt/gz_physics_vendor:/opt/ros/jazzy/opt/sdformat_vendor:/opt/ros/jazzy/opt/gz_gui_vendor:/opt/ros/jazzy/opt/gz_transport_vendor:/opt/ros/jazzy/opt/gz_rendering_vendor:/opt/ros/jazzy/opt/gz_plugin_vendor:/opt/ros/jazzy/opt/gz_fuel_tools_vendor:/opt/ros/jazzy/opt/gz_msgs_vendor:/opt/ros/jazzy/opt/gz_common_vendor:/opt/ros/jazzy/opt/gz_math_vendor:/opt/ros/jazzy/opt/gz_utils_vendor:/opt/ros/jazzy/opt/gz_tools_vendor:/opt/ros/jazzy/opt/gz_ogre_next_vendor:/opt/ros/jazzy/opt/gz_dartsim_vendor:/opt/ros/jazzy/opt/gz_cmake_vendor:/home/aditya/ros2_ws/install/my_py_pkg:/opt/ros/jazzy DEBUGINFOD_URLS=https://debuginfod.ubuntu.com LD_LIBRARY_PATH=/home/aditya/Cpps/Dexter/install/dexter_msgs/lib:${LD_LIBRARY_PATH} PS1=\[\e]0;\u@\h: \w\a\]${debian_chroot:+($debian_chroot)}\[\033[01;32m\]\u@\h\[\033[00m\]:\[\033[01;34m\]\w\[\033[00m\]\$ PYTHONPATH=/home/aditya/Cpps/Dexter/install/dexter_inventory/lib/python3.12/site-packages:/home/aditya/Cpps/Dexter/install/dexter_msgs/lib/python3.12/site-packages:${PYTHONPATH} VIRTUAL_ENV_PROMPT=(venv-ardupilot) /usr/bin/cmake --install /home/aditya/Cpps/Dexter/build/dexter_remote
[2.116s] -- Install configuration: ""
[2.116s] -- Up-to-date: /home/aditya/Cpps/Dexter/install/dexter_remote/lib/dexter_remote/task_server_node
[2.116s] -- Up-to-date: /home/aditya/Cpps/Dexter/install/dexter_remote/share/dexter_remote/environment/pythonpath.sh
[2.116s] -- Up-to-date: /home/aditya/Cpps/Dexter/install/dexter_remote/share/dexter_remote/environment/pythonpath.dsv
[2.116s] -- Up-to-date: /home/aditya/Cpps/Dexter/install/dexter_remote/lib/python3.12/site-packages/dexter_remote-0.1.0-py3.12.egg-info
[2.117s] -- Installing: /home/aditya/Cpps/Dexter/install/dexter_remote/lib/python3.12/site-packages/dexter_remote-0.1.0-py3.12.egg-info/SOURCES.txt
[2.117s] -- Installing: /home/aditya/Cpps/Dexter/install/dexter_remote/lib/python3.12/site-packages/dexter_remote-0.1.0-py3.12.egg-info/PKG-INFO
[2.117s] -- Installing: /home/aditya/Cpps/Dexter/install/dexter_remote/lib/python3.12/site-packages/dexter_remote-0.1.0-py3.12.egg-info/dependency_links.txt
[2.117s] -- Installing: /home/aditya/Cpps/Dexter/install/dexter_remote/lib/python3.12/site-packages/dexter_remote-0.1.0-py3.12.egg-info/top_level.txt
[2.117s] -- Up-to-date: /home/aditya/Cpps/Dexter/install/dexter_remote/lib/python3.12/site-packages/dexter_remote
[2.117s] -- Installing: /home/aditya/Cpps/Dexter/install/dexter_remote/lib/python3.12/site-packages/dexter_remote/simlab.py
[2.117s] -- Up-to-date: /home/aditya/Cpps/Dexter/install/dexter_remote/lib/python3.12/site-packages/dexter_remote/task_server.py
[2.117s] -- Installing: /home/aditya/Cpps/Dexter/install/dexter_remote/lib/python3.12/site-packages/dexter_remote/web_interface.py
[2.117s] -- Up-to-date: /home/aditya/Cpps/Dexter/install/dexter_remote/lib/python3.12/site-packages/dexter_remote/__init__.py
[2.160s] Listing '/home/aditya/Cpps/Dexter/install/dexter_remote/lib/python3.12/site-packages/dexter_remote'...
[2.161s] Compiling '/home/aditya/Cpps/Dexter/install/dexter_remote/lib/python3.12/site-packages/dexter_remote/simlab.py'...
[2.161s] Compiling '/home/aditya/Cpps/Dexter/install/dexter_remote/lib/python3.12/site-packages/dexter_remote/web_interface.py'...
[2.165s] -- Up-to-date: /home/aditya/Cpps/Dexter/install/dexter_remote/share/dexter_remote/launch
[2.165s] -- Up-to-date: /home/aditya/Cpps/Dexter/install/dexter_remote/share/dexter_remote/launch/remote_interface.launch.py
[2.165s] -- Up-to-date: /home/aditya/Cpps/Dexter/install/dexter_remote/share/dexter_remote/templates
[2.165s] -- Installing: /home/aditya/Cpps/Dexter/install/dexter_remote/share/dexter_remote/templates/index.html
[2.165s] -- Installing: /home/aditya/Cpps/Dexter/install/dexter_remote/share/dexter_remote/templates/simlab.html
[2.166s] -- Up-to-date: /home/aditya/Cpps/Dexter/install/dexter_remote/lib/libtask_server.so
[2.166s] -- Up-to-date: /home/aditya/Cpps/Dexter/install/dexter_remote/lib/dexter_remote/task_server.py
[2.166s] -- Installing: /home/aditya/Cpps/Dexter/install/dexter_remote/lib/dexter_remote/web_interface.py
[2.166s] -- Installing: /home/aditya/Cpps/Dexter/install/dexter_remote/lib/dexter_remote/simlab.py
[2.166s] -- Up-to-date: /home/aditya/Cpps/Dexter/install/dexter_remote/share/ament_index/resource_index/package_run_dependencies/dexter_remote
[2.166s] -- Up-to-date: /home/aditya/Cpps/Dexter/install/dexter_remote/share/ament_index/resource_index/parent_prefix_path/dexter_remote
[2.166s] -- Up-to-date: /home/aditya/Cpps/Dexter/install/dexter_remote/share/dexter_remote/environment/ament_prefix_path.sh
[2.166s] -- Up-to-date: /home/aditya/Cpps/Dexter/install/dexter_remote/share/dexter_remote/environment/ament_prefix_path.dsv
[2.166s] -- Up-to-date: /home/aditya/Cpps/Dexter/install/dexter_remote/share/dexter_remote/environment/path.sh
[2.166s] -- Up-to-date: /home/aditya/Cpps/Dexter/install/dexter_remote/share/dexter_remote/environment/path.dsv
[2.166s] -- Up-to-date: /home/aditya/Cpps/Dexter/install/dexter_remote/share/dexter_remote/local_setup.bash
[2.167s] -- Up-to-date: /home/aditya/Cpps/Dexter/install/dexter_remote/share/dexter_remote/local_setup.sh
[2.167s] -- Up-to-date: /home/aditya/Cpps/Dexter/install/dexter_remote/share/dexter_remote/local_setup.zsh
[2.167s] -- Up-to-date: /home/aditya/Cpps/Dexter/install/dexter_remote/share/dexter_remote/local_setup.dsv
[2.167s] -- Installing: /home/aditya/Cpps/Dexter/install/dexter_remote/share/dexter_remote/package.dsv
[2.167s] -- Up-to-date: /home/aditya/Cpps/Dexter/install/dexter_remote/share/ament_index/resource_index/packages/dexter_remote
[2.167s] -- Up-to-date: /home/aditya/Cpps/Dexter/install/dexter_remote/share/ament_index/resource_index/rclcpp_components/dexter_remote
[2.167s] -- Up-to-date: /home/aditya/Cpps/Dexter/install/dexter_remote/share/dexter_remote/cmake/dexter_remoteConfig.cmake
[2.167s] -- Up-to-date: /home/aditya/Cpps/Dexter/install/dexter_remote/share/dexter_remote/cmake/dexter_remoteConfig-version.cmake
[2.167s] -- Up-to-date: /home/aditya/Cpps/Dexter/install/dexter_remote/share/dexter_remote/package.xml
[2.168s] Invoked command in '/home/aditya/Cpps/Dexter/build/dexter_remote' returned '0': AMENT_PREFIX_PATH=/home/aditya/Cpps/Dexter/install/dexter_inventory:/home/aditya/Cpps/Dexter/install/dexter_moveit:/home/aditya/Cpps/Dexter/install/dexter_msgs:/home/aditya/Cpps/Dexter/install/dexter_description:${AMENT_PREFIX_PATH} CMAKE_PREFIX_PATH=/home/aditya/Cpps/Dexter/install/dexter_moveit:/home/aditya/Cpps/Dexter/install/dexter_msgs:/home/aditya/Cpps/Dexter/install/dexter_description:/home/aditya/ros2_ws/install/my_robot_bringup:/home/aditya/ros2_ws/install/my_cpp_pkg:/home/aditya/ros2_ws/install/my_robot_interfaces:/opt/ros/jazzy/opt/gz_sim_vendor:/opt/ros/jazzy/opt/gz_sensors_vendor:/opt/ros/jazzy/opt/gz_physics_vendor:/opt/ros/jazzy/opt/sdformat_vendor:/opt/ros/jazzy/opt/gz_gui_vendor:/opt/ros/jazzy/opt/gz_transport_vendor:/opt/ros/jazzy/opt/gz_rendering_vendor:/opt/ros/jazzy/opt/gz_plugin_vendor:/opt/ros/jazzy/opt/gz_fuel_tools_vendor:/opt/ros/jazzy/opt/gz_msgs_vendor:/opt/ros/jazzy/opt/gz_common_vendor:/opt/ros/jazzy/opt/gz_math_vendor:/opt/ros/jazzy/opt/gz_utils_vendor:/opt/ros/jazzy/opt/gz_tools_vendor:/opt/ros/jazzy/opt/gz_ogre_next_vendor:/opt/ros/jazzy/opt/gz_dartsim_vendor:/opt/ros/jazzy/opt/gz_cmake_vendor:/home/aditya/ros2_ws/install/my_py_pkg:/opt/ros/jazzy DEBUGINFOD_URLS=https://debuginfod.ubuntu.com LD_LIBRARY_PATH=/home/aditya/Cpps/Dexter/install/dexter_msgs/lib:${LD_LIBRARY_PATH} PS1=\[\e]0;\u@\h: \w\a\]${debian_chroot:+($debian_chroot)}\[\033[01;32m\]\u@\h\[\033[00m\]:\[\033[01;34m\]\w\[\033[00m\]\$ PYTHONPATH=/home/aditya/Cpps/Dexter/install/dexter_inventory/lib/python3.12/site-packages:/home/aditya/Cpps/Dexter/install/dexter_msgs/lib/python3.12/site-packages:${PYTHONPATH} VIRTUAL_ENV_PROMPT=(venv-ardupilot) /usr/bin/cmake --install /home/aditya/Cpps/Dexter/build/dexter_remote
