[0.213s] Invoking command in '/home/aditya/Cpps/Dexter/build/dexter_utils': AMENT_PREFIX_PATH=/home/aditya/Cpps/Dexter/install/dexter_msgs:${AMENT_PREFIX_PATH} CMAKE_PREFIX_PATH=/home/aditya/Cpps/Dexter/install/dexter_msgs:/home/aditya/ros2_ws/install/my_robot_bringup:/home/aditya/ros2_ws/install/my_cpp_pkg:/home/aditya/ros2_ws/install/my_robot_interfaces:/opt/ros/jazzy/opt/gz_sim_vendor:/opt/ros/jazzy/opt/gz_sensors_vendor:/opt/ros/jazzy/opt/gz_physics_vendor:/opt/ros/jazzy/opt/sdformat_vendor:/opt/ros/jazzy/opt/gz_gui_vendor:/opt/ros/jazzy/opt/gz_transport_vendor:/opt/ros/jazzy/opt/gz_rendering_vendor:/opt/ros/jazzy/opt/gz_plugin_vendor:/opt/ros/jazzy/opt/gz_fuel_tools_vendor:/opt/ros/jazzy/opt/gz_msgs_vendor:/opt/ros/jazzy/opt/gz_common_vendor:/opt/ros/jazzy/opt/gz_math_vendor:/opt/ros/jazzy/opt/gz_utils_vendor:/opt/ros/jazzy/opt/gz_tools_vendor:/opt/ros/jazzy/opt/gz_ogre_next_vendor:/opt/ros/jazzy/opt/gz_dartsim_vendor:/opt/ros/jazzy/opt/gz_cmake_vendor:/home/aditya/ros2_ws/install/my_py_pkg:/opt/ros/jazzy DEBUGINFOD_URLS=https://debuginfod.ubuntu.com LD_LIBRARY_PATH=/home/aditya/Cpps/Dexter/install/dexter_msgs/lib:${LD_LIBRARY_PATH} PS1=\[\e]0;\u@\h: \w\a\]${debian_chroot:+($debian_chroot)}\[\033[01;32m\]\u@\h\[\033[00m\]:\[\033[01;34m\]\w\[\033[00m\]\$ PYTHONPATH=/home/aditya/Cpps/Dexter/install/dexter_msgs/lib/python3.12/site-packages:${PYTHONPATH} VIRTUAL_ENV_PROMPT=(venv-ardupilot) /usr/bin/cmake --build /home/aditya/Cpps/Dexter/build/dexter_utils -- -j28 -l28
[0.311s] [100%] Built target angle_conversion
[0.314s] [100%] Built target ament_cmake_python_copy_dexter_utils
[0.632s] running egg_info
[0.659s] writing dexter_utils.egg-info/PKG-INFO
[0.660s] writing dependency_links to dexter_utils.egg-info/dependency_links.txt
[0.660s] writing top-level names to dexter_utils.egg-info/top_level.txt
[0.733s] reading manifest file 'dexter_utils.egg-info/SOURCES.txt'
[0.734s] writing manifest file 'dexter_utils.egg-info/SOURCES.txt'
[0.784s] [100%] Built target ament_cmake_python_build_dexter_utils_egg
[0.798s] Invoked command in '/home/aditya/Cpps/Dexter/build/dexter_utils' returned '0': AMENT_PREFIX_PATH=/home/aditya/Cpps/Dexter/install/dexter_msgs:${AMENT_PREFIX_PATH} CMAKE_PREFIX_PATH=/home/aditya/Cpps/Dexter/install/dexter_msgs:/home/aditya/ros2_ws/install/my_robot_bringup:/home/aditya/ros2_ws/install/my_cpp_pkg:/home/aditya/ros2_ws/install/my_robot_interfaces:/opt/ros/jazzy/opt/gz_sim_vendor:/opt/ros/jazzy/opt/gz_sensors_vendor:/opt/ros/jazzy/opt/gz_physics_vendor:/opt/ros/jazzy/opt/sdformat_vendor:/opt/ros/jazzy/opt/gz_gui_vendor:/opt/ros/jazzy/opt/gz_transport_vendor:/opt/ros/jazzy/opt/gz_rendering_vendor:/opt/ros/jazzy/opt/gz_plugin_vendor:/opt/ros/jazzy/opt/gz_fuel_tools_vendor:/opt/ros/jazzy/opt/gz_msgs_vendor:/opt/ros/jazzy/opt/gz_common_vendor:/opt/ros/jazzy/opt/gz_math_vendor:/opt/ros/jazzy/opt/gz_utils_vendor:/opt/ros/jazzy/opt/gz_tools_vendor:/opt/ros/jazzy/opt/gz_ogre_next_vendor:/opt/ros/jazzy/opt/gz_dartsim_vendor:/opt/ros/jazzy/opt/gz_cmake_vendor:/home/aditya/ros2_ws/install/my_py_pkg:/opt/ros/jazzy DEBUGINFOD_URLS=https://debuginfod.ubuntu.com LD_LIBRARY_PATH=/home/aditya/Cpps/Dexter/install/dexter_msgs/lib:${LD_LIBRARY_PATH} PS1=\[\e]0;\u@\h: \w\a\]${debian_chroot:+($debian_chroot)}\[\033[01;32m\]\u@\h\[\033[00m\]:\[\033[01;34m\]\w\[\033[00m\]\$ PYTHONPATH=/home/aditya/Cpps/Dexter/install/dexter_msgs/lib/python3.12/site-packages:${PYTHONPATH} VIRTUAL_ENV_PROMPT=(venv-ardupilot) /usr/bin/cmake --build /home/aditya/Cpps/Dexter/build/dexter_utils -- -j28 -l28
[0.800s] Invoking command in '/home/aditya/Cpps/Dexter/build/dexter_utils': AMENT_PREFIX_PATH=/home/aditya/Cpps/Dexter/install/dexter_msgs:${AMENT_PREFIX_PATH} CMAKE_PREFIX_PATH=/home/aditya/Cpps/Dexter/install/dexter_msgs:/home/aditya/ros2_ws/install/my_robot_bringup:/home/aditya/ros2_ws/install/my_cpp_pkg:/home/aditya/ros2_ws/install/my_robot_interfaces:/opt/ros/jazzy/opt/gz_sim_vendor:/opt/ros/jazzy/opt/gz_sensors_vendor:/opt/ros/jazzy/opt/gz_physics_vendor:/opt/ros/jazzy/opt/sdformat_vendor:/opt/ros/jazzy/opt/gz_gui_vendor:/opt/ros/jazzy/opt/gz_transport_vendor:/opt/ros/jazzy/opt/gz_rendering_vendor:/opt/ros/jazzy/opt/gz_plugin_vendor:/opt/ros/jazzy/opt/gz_fuel_tools_vendor:/opt/ros/jazzy/opt/gz_msgs_vendor:/opt/ros/jazzy/opt/gz_common_vendor:/opt/ros/jazzy/opt/gz_math_vendor:/opt/ros/jazzy/opt/gz_utils_vendor:/opt/ros/jazzy/opt/gz_tools_vendor:/opt/ros/jazzy/opt/gz_ogre_next_vendor:/opt/ros/jazzy/opt/gz_dartsim_vendor:/opt/ros/jazzy/opt/gz_cmake_vendor:/home/aditya/ros2_ws/install/my_py_pkg:/opt/ros/jazzy DEBUGINFOD_URLS=https://debuginfod.ubuntu.com LD_LIBRARY_PATH=/home/aditya/Cpps/Dexter/install/dexter_msgs/lib:${LD_LIBRARY_PATH} PS1=\[\e]0;\u@\h: \w\a\]${debian_chroot:+($debian_chroot)}\[\033[01;32m\]\u@\h\[\033[00m\]:\[\033[01;34m\]\w\[\033[00m\]\$ PYTHONPATH=/home/aditya/Cpps/Dexter/install/dexter_msgs/lib/python3.12/site-packages:${PYTHONPATH} VIRTUAL_ENV_PROMPT=(venv-ardupilot) /usr/bin/cmake --install /home/aditya/Cpps/Dexter/build/dexter_utils
[0.814s] -- Install configuration: ""
[0.814s] -- Up-to-date: /home/aditya/Cpps/Dexter/install/dexter_utils/share/dexter_utils/environment/pythonpath.sh
[0.814s] -- Up-to-date: /home/aditya/Cpps/Dexter/install/dexter_utils/share/dexter_utils/environment/pythonpath.dsv
[0.814s] -- Up-to-date: /home/aditya/Cpps/Dexter/install/dexter_utils/lib/python3.12/site-packages/dexter_utils-0.0.0-py3.12.egg-info
[0.814s] -- Installing: /home/aditya/Cpps/Dexter/install/dexter_utils/lib/python3.12/site-packages/dexter_utils-0.0.0-py3.12.egg-info/SOURCES.txt
[0.814s] -- Installing: /home/aditya/Cpps/Dexter/install/dexter_utils/lib/python3.12/site-packages/dexter_utils-0.0.0-py3.12.egg-info/PKG-INFO
[0.814s] -- Installing: /home/aditya/Cpps/Dexter/install/dexter_utils/lib/python3.12/site-packages/dexter_utils-0.0.0-py3.12.egg-info/dependency_links.txt
[0.815s] -- Installing: /home/aditya/Cpps/Dexter/install/dexter_utils/lib/python3.12/site-packages/dexter_utils-0.0.0-py3.12.egg-info/top_level.txt
[0.815s] -- Up-to-date: /home/aditya/Cpps/Dexter/install/dexter_utils/lib/python3.12/site-packages/dexter_utils
[0.815s] -- Up-to-date: /home/aditya/Cpps/Dexter/install/dexter_utils/lib/python3.12/site-packages/dexter_utils/angle_conversion.py
[0.815s] -- Up-to-date: /home/aditya/Cpps/Dexter/install/dexter_utils/lib/python3.12/site-packages/dexter_utils/__init__.py
[0.858s] Listing '/home/aditya/Cpps/Dexter/install/dexter_utils/lib/python3.12/site-packages/dexter_utils'...
[0.868s] -- Up-to-date: /home/aditya/Cpps/Dexter/install/dexter_utils/lib/dexter_utils/angle_conversion
[0.868s] -- Up-to-date: /home/aditya/Cpps/Dexter/install/dexter_utils/lib/dexter_utils/angle_conversion.py
[0.869s] -- Up-to-date: /home/aditya/Cpps/Dexter/install/dexter_utils/share/ament_index/resource_index/package_run_dependencies/dexter_utils
[0.869s] -- Up-to-date: /home/aditya/Cpps/Dexter/install/dexter_utils/share/ament_index/resource_index/parent_prefix_path/dexter_utils
[0.869s] -- Up-to-date: /home/aditya/Cpps/Dexter/install/dexter_utils/share/dexter_utils/environment/ament_prefix_path.sh
[0.869s] -- Up-to-date: /home/aditya/Cpps/Dexter/install/dexter_utils/share/dexter_utils/environment/ament_prefix_path.dsv
[0.869s] -- Up-to-date: /home/aditya/Cpps/Dexter/install/dexter_utils/share/dexter_utils/environment/path.sh
[0.869s] -- Up-to-date: /home/aditya/Cpps/Dexter/install/dexter_utils/share/dexter_utils/environment/path.dsv
[0.869s] -- Up-to-date: /home/aditya/Cpps/Dexter/install/dexter_utils/share/dexter_utils/local_setup.bash
[0.869s] -- Up-to-date: /home/aditya/Cpps/Dexter/install/dexter_utils/share/dexter_utils/local_setup.sh
[0.870s] -- Up-to-date: /home/aditya/Cpps/Dexter/install/dexter_utils/share/dexter_utils/local_setup.zsh
[0.870s] -- Up-to-date: /home/aditya/Cpps/Dexter/install/dexter_utils/share/dexter_utils/local_setup.dsv
[0.870s] -- Installing: /home/aditya/Cpps/Dexter/install/dexter_utils/share/dexter_utils/package.dsv
[0.871s] -- Up-to-date: /home/aditya/Cpps/Dexter/install/dexter_utils/share/ament_index/resource_index/packages/dexter_utils
[0.871s] -- Up-to-date: /home/aditya/Cpps/Dexter/install/dexter_utils/share/dexter_utils/cmake/dexter_utilsConfig.cmake
[0.872s] -- Up-to-date: /home/aditya/Cpps/Dexter/install/dexter_utils/share/dexter_utils/cmake/dexter_utilsConfig-version.cmake
[0.872s] -- Up-to-date: /home/aditya/Cpps/Dexter/install/dexter_utils/share/dexter_utils/package.xml
[0.872s] Invoked command in '/home/aditya/Cpps/Dexter/build/dexter_utils' returned '0': AMENT_PREFIX_PATH=/home/aditya/Cpps/Dexter/install/dexter_msgs:${AMENT_PREFIX_PATH} CMAKE_PREFIX_PATH=/home/aditya/Cpps/Dexter/install/dexter_msgs:/home/aditya/ros2_ws/install/my_robot_bringup:/home/aditya/ros2_ws/install/my_cpp_pkg:/home/aditya/ros2_ws/install/my_robot_interfaces:/opt/ros/jazzy/opt/gz_sim_vendor:/opt/ros/jazzy/opt/gz_sensors_vendor:/opt/ros/jazzy/opt/gz_physics_vendor:/opt/ros/jazzy/opt/sdformat_vendor:/opt/ros/jazzy/opt/gz_gui_vendor:/opt/ros/jazzy/opt/gz_transport_vendor:/opt/ros/jazzy/opt/gz_rendering_vendor:/opt/ros/jazzy/opt/gz_plugin_vendor:/opt/ros/jazzy/opt/gz_fuel_tools_vendor:/opt/ros/jazzy/opt/gz_msgs_vendor:/opt/ros/jazzy/opt/gz_common_vendor:/opt/ros/jazzy/opt/gz_math_vendor:/opt/ros/jazzy/opt/gz_utils_vendor:/opt/ros/jazzy/opt/gz_tools_vendor:/opt/ros/jazzy/opt/gz_ogre_next_vendor:/opt/ros/jazzy/opt/gz_dartsim_vendor:/opt/ros/jazzy/opt/gz_cmake_vendor:/home/aditya/ros2_ws/install/my_py_pkg:/opt/ros/jazzy DEBUGINFOD_URLS=https://debuginfod.ubuntu.com LD_LIBRARY_PATH=/home/aditya/Cpps/Dexter/install/dexter_msgs/lib:${LD_LIBRARY_PATH} PS1=\[\e]0;\u@\h: \w\a\]${debian_chroot:+($debian_chroot)}\[\033[01;32m\]\u@\h\[\033[00m\]:\[\033[01;34m\]\w\[\033[00m\]\$ PYTHONPATH=/home/aditya/Cpps/Dexter/install/dexter_msgs/lib/python3.12/site-packages:${PYTHONPATH} VIRTUAL_ENV_PROMPT=(venv-ardupilot) /usr/bin/cmake --install /home/aditya/Cpps/Dexter/build/dexter_utils
