[0.008s] Invoking command in '/home/aditya/Cpps/Dexter/build/dexter_msgs': CMAKE_PREFIX_PATH=${CMAKE_PREFIX_PATH}:/home/aditya/ros2_ws/install/my_py_pkg:/opt/ros/jazzy DEBUGINFOD_URLS=https://debuginfod.ubuntu.com PS1=\[\e]0;\u@\h: \w\a\]${debian_chroot:+($debian_chroot)}\[\033[01;32m\]\u@\h\[\033[00m\]:\[\033[01;34m\]\w\[\033[00m\]\$ VIRTUAL_ENV_PROMPT=(venv-ardupilot) /usr/bin/cmake /home/aditya/Cpps/Dexter/dexter_msgs -DCMAKE_INSTALL_PREFIX=/home/aditya/Cpps/Dexter/install/dexter_msgs
[0.110s] -- The C compiler identification is GNU 13.3.0
[0.216s] -- The CXX compiler identification is GNU 13.3.0
[0.237s] -- Detecting C compiler ABI info
[0.350s] -- Detecting C compiler ABI info - done
[0.360s] -- Check for working C compiler: /usr/bin/cc - skipped
[0.361s] -- Detecting C compile features
[0.361s] -- Detecting C compile features - done
[0.376s] -- Detecting CXX compiler ABI info
[0.474s] -- Detecting CXX compiler ABI info - done
[0.483s] -- Check for working CXX compiler: /usr/bin/c++ - skipped
[0.483s] -- Detecting CXX compile features
[0.483s] -- Detecting CXX compile features - done
[0.490s] -- Found ament_cmake: 2.5.6 (/opt/ros/jazzy/share/ament_cmake/cmake)
[0.616s] -- Found Python3: /home/aditya/venv-ardupilot/bin/python3 (found version "3.12.3") found components: Interpreter 
[0.721s] -- Found std_msgs: 5.3.7 (/opt/ros/jazzy/share/std_msgs/cmake)
[0.770s] -- Found rosidl_generator_c: 4.6.7 (/opt/ros/jazzy/share/rosidl_generator_c/cmake)
[0.785s] -- Found rosidl_generator_cpp: 4.6.7 (/opt/ros/jazzy/share/rosidl_generator_cpp/cmake)
[0.803s] -- Using all available rosidl_typesupport_c: rosidl_typesupport_fastrtps_c;rosidl_typesupport_introspection_c
[0.821s] -- Using all available rosidl_typesupport_cpp: rosidl_typesupport_fastrtps_cpp;rosidl_typesupport_introspection_cpp
[0.852s] -- Found rosidl_default_generators: 1.6.0 (/opt/ros/jazzy/share/rosidl_default_generators/cmake)
[0.872s] -- Found rosidl_adapter: 4.6.7 (/opt/ros/jazzy/share/rosidl_adapter/cmake)
[1.394s] -- Found ament_cmake_ros: 0.12.0 (/opt/ros/jazzy/share/ament_cmake_ros/cmake)
[1.966s] -- Using all available rosidl_typesupport_c: rosidl_typesupport_fastrtps_c;rosidl_typesupport_introspection_c
[2.190s] -- Using all available rosidl_typesupport_cpp: rosidl_typesupport_fastrtps_cpp;rosidl_typesupport_introspection_cpp
[2.194s] -- Found python_cmake_module: 0.11.1 (/opt/ros/jazzy/share/python_cmake_module/cmake)
[2.316s] -- Found PythonExtra: /home/aditya/venv-ardupilot/bin/python3  
[2.736s] -- Found Python3: /home/aditya/venv-ardupilot/bin/python3 (found version "3.12.3") found components: Interpreter Development NumPy Development.Module Development.Embed 
[2.806s] -- Found Python3: /home/aditya/venv-ardupilot/bin/python3 (found version "3.12.3") found components: Interpreter 
[2.813s] -- Configuring done (2.8s)
[2.850s] -- Generating done (0.0s)
[2.859s] -- Build files have been written to: /home/aditya/Cpps/Dexter/build/dexter_msgs
[2.867s] Invoked command in '/home/aditya/Cpps/Dexter/build/dexter_msgs' returned '0': CMAKE_PREFIX_PATH=${CMAKE_PREFIX_PATH}:/home/aditya/ros2_ws/install/my_py_pkg:/opt/ros/jazzy DEBUGINFOD_URLS=https://debuginfod.ubuntu.com PS1=\[\e]0;\u@\h: \w\a\]${debian_chroot:+($debian_chroot)}\[\033[01;32m\]\u@\h\[\033[00m\]:\[\033[01;34m\]\w\[\033[00m\]\$ VIRTUAL_ENV_PROMPT=(venv-ardupilot) /usr/bin/cmake /home/aditya/Cpps/Dexter/dexter_msgs -DCMAKE_INSTALL_PREFIX=/home/aditya/Cpps/Dexter/install/dexter_msgs
[2.868s] Invoking command in '/home/aditya/Cpps/Dexter/build/dexter_msgs': CMAKE_PREFIX_PATH=${CMAKE_PREFIX_PATH}:/home/aditya/ros2_ws/install/my_py_pkg:/opt/ros/jazzy DEBUGINFOD_URLS=https://debuginfod.ubuntu.com PS1=\[\e]0;\u@\h: \w\a\]${debian_chroot:+($debian_chroot)}\[\033[01;32m\]\u@\h\[\033[00m\]:\[\033[01;34m\]\w\[\033[00m\]\$ VIRTUAL_ENV_PROMPT=(venv-ardupilot) /usr/bin/cmake --build /home/aditya/Cpps/Dexter/build/dexter_msgs -- -j28 -l28
[2.919s] [  1%] [34m[1mGenerating Rust code for ROS interfaces[0m
[2.919s] [  2%] [34m[1mGenerating type hashes for ROS interfaces[0m
[2.926s] [  2%] Built target ament_cmake_python_copy_dexter_msgs
[3.119s] running egg_info
[3.136s] creating dexter_msgs.egg-info
[3.136s] writing dexter_msgs.egg-info/PKG-INFO
[3.136s] writing dependency_links to dexter_msgs.egg-info/dependency_links.txt
[3.136s] writing top-level names to dexter_msgs.egg-info/top_level.txt
[3.136s] writing manifest file 'dexter_msgs.egg-info/SOURCES.txt'
[3.187s] reading manifest file 'dexter_msgs.egg-info/SOURCES.txt'
[3.187s] writing manifest file 'dexter_msgs.egg-info/SOURCES.txt'
[3.214s] [  2%] Built target ament_cmake_python_build_dexter_msgs_egg
[3.230s] [  2%] Built target dexter_msgs__rosidl_generator_type_description
[3.242s] [  3%] [34m[1mGenerating C code for ROS interfaces[0m
[3.253s] [  4%] [34m[1mGenerating C++ code for ROS interfaces[0m
[3.285s] [  4%] Built target dexter_msgs__rs
[4.027s] [  4%] Built target dexter_msgs__cpp
[4.137s] [  5%] [32mBuilding C object CMakeFiles/dexter_msgs__rosidl_generator_c.dir/rosidl_generator_c/dexter_msgs/srv/detail/add_two_ints__description.c.o[0m
[4.137s] [  6%] [32mBuilding C object CMakeFiles/dexter_msgs__rosidl_generator_c.dir/rosidl_generator_c/dexter_msgs/srv/detail/euler_to_quaternion__description.c.o[0m
[4.138s] [  7%] [32mBuilding C object CMakeFiles/dexter_msgs__rosidl_generator_c.dir/rosidl_generator_c/dexter_msgs/srv/detail/add_two_ints__type_support.c.o[0m
[4.139s] [  8%] [32mBuilding C object CMakeFiles/dexter_msgs__rosidl_generator_c.dir/rosidl_generator_c/dexter_msgs/srv/detail/quaternion_to_euler__description.c.o[0m
[4.140s] [  9%] [32mBuilding C object CMakeFiles/dexter_msgs__rosidl_generator_c.dir/rosidl_generator_c/dexter_msgs/srv/detail/add_two_ints__functions.c.o[0m
[4.140s] [ 10%] [32mBuilding C object CMakeFiles/dexter_msgs__rosidl_generator_c.dir/rosidl_generator_c/dexter_msgs/srv/detail/euler_to_quaternion__functions.c.o[0m
[4.141s] [ 11%] [32mBuilding C object CMakeFiles/dexter_msgs__rosidl_generator_c.dir/rosidl_generator_c/dexter_msgs/action/detail/fibonacci__functions.c.o[0m
[4.141s] [ 13%] [32mBuilding C object CMakeFiles/dexter_msgs__rosidl_generator_c.dir/rosidl_generator_c/dexter_msgs/action/detail/dexter_task__functions.c.o[0m
[4.141s] [ 13%] [32mBuilding C object CMakeFiles/dexter_msgs__rosidl_generator_c.dir/rosidl_generator_c/dexter_msgs/srv/detail/euler_to_quaternion__type_support.c.o[0m
[4.141s] [ 14%] [32mBuilding C object CMakeFiles/dexter_msgs__rosidl_generator_c.dir/rosidl_generator_c/dexter_msgs/srv/detail/quaternion_to_euler__functions.c.o[0m
[4.142s] [ 16%] [32mBuilding C object CMakeFiles/dexter_msgs__rosidl_generator_c.dir/rosidl_generator_c/dexter_msgs/action/detail/fibonacci__description.c.o[0m
[4.142s] [ 16%] [32mBuilding C object CMakeFiles/dexter_msgs__rosidl_generator_c.dir/rosidl_generator_c/dexter_msgs/srv/detail/quaternion_to_euler__type_support.c.o[0m
[4.142s] [ 17%] [32mBuilding C object CMakeFiles/dexter_msgs__rosidl_generator_c.dir/rosidl_generator_c/dexter_msgs/srv/detail/dispatch_item__description.c.o[0m
[4.142s] [ 20%] [32mBuilding C object CMakeFiles/dexter_msgs__rosidl_generator_c.dir/rosidl_generator_c/dexter_msgs/action/detail/fibonacci__type_support.c.o[0m
[4.143s] [ 20%] [32mBuilding C object CMakeFiles/dexter_msgs__rosidl_generator_c.dir/rosidl_generator_c/dexter_msgs/action/detail/dexter_task__type_support.c.o[0m
[4.143s] [ 21%] [32mBuilding C object CMakeFiles/dexter_msgs__rosidl_generator_c.dir/rosidl_generator_c/dexter_msgs/srv/detail/add_item__description.c.o[0m
[4.143s] [ 22%] [32mBuilding C object CMakeFiles/dexter_msgs__rosidl_generator_c.dir/rosidl_generator_c/dexter_msgs/action/detail/dexter_task__description.c.o[0m
[4.143s] [ 23%] [32mBuilding C object CMakeFiles/dexter_msgs__rosidl_generator_c.dir/rosidl_generator_c/dexter_msgs/srv/detail/add_item__functions.c.o[0m
[4.143s] [ 24%] [32mBuilding C object CMakeFiles/dexter_msgs__rosidl_generator_c.dir/rosidl_generator_c/dexter_msgs/srv/detail/dispatch_item__functions.c.o[0m
[4.144s] [ 25%] [32mBuilding C object CMakeFiles/dexter_msgs__rosidl_generator_c.dir/rosidl_generator_c/dexter_msgs/srv/detail/add_item__type_support.c.o[0m
[4.145s] [ 26%] [32mBuilding C object CMakeFiles/dexter_msgs__rosidl_generator_c.dir/rosidl_generator_c/dexter_msgs/srv/detail/dispatch_item__type_support.c.o[0m
[4.345s] [ 27%] [32m[1mLinking C shared library libdexter_msgs__rosidl_generator_c.so[0m
[4.384s] [ 27%] Built target dexter_msgs__rosidl_generator_c
[4.393s] [ 28%] [34m[1mGenerating C type support dispatch for ROS interfaces[0m
[4.395s] [ 30%] [34m[1mGenerating C type support for eProsima Fast-RTPS[0m
[4.395s] [ 30%] [34m[1mGenerating C++ type support for eProsima Fast-RTPS[0m
[4.395s] [ 32%] [34m[1mGenerating C++ introspection for ROS interfaces[0m
[4.395s] [ 32%] [34m[1mGenerating C introspection for ROS interfaces[0m
[4.396s] [ 33%] [34m[1mGenerating C++ type support dispatch for ROS interfaces[0m
[5.003s] [ 35%] [32mBuilding CXX object CMakeFiles/dexter_msgs__rosidl_typesupport_c.dir/rosidl_typesupport_c/dexter_msgs/srv/add_two_ints__type_support.cpp.o[0m
[5.003s] [ 35%] [32mBuilding CXX object CMakeFiles/dexter_msgs__rosidl_typesupport_c.dir/rosidl_typesupport_c/dexter_msgs/srv/euler_to_quaternion__type_support.cpp.o[0m
[5.003s] [ 37%] [32mBuilding CXX object CMakeFiles/dexter_msgs__rosidl_typesupport_c.dir/rosidl_typesupport_c/dexter_msgs/srv/quaternion_to_euler__type_support.cpp.o[0m
[5.004s] [ 37%] [32mBuilding CXX object CMakeFiles/dexter_msgs__rosidl_typesupport_c.dir/rosidl_typesupport_c/dexter_msgs/action/dexter_task__type_support.cpp.o[0m
[5.004s] [ 38%] [32mBuilding CXX object CMakeFiles/dexter_msgs__rosidl_typesupport_c.dir/rosidl_typesupport_c/dexter_msgs/action/fibonacci__type_support.cpp.o[0m
[5.004s] [ 40%] [32mBuilding CXX object CMakeFiles/dexter_msgs__rosidl_typesupport_cpp.dir/rosidl_typesupport_cpp/dexter_msgs/action/fibonacci__type_support.cpp.o[0m
[5.004s] [ 41%] [32mBuilding CXX object CMakeFiles/dexter_msgs__rosidl_typesupport_c.dir/rosidl_typesupport_c/dexter_msgs/srv/dispatch_item__type_support.cpp.o[0m
[5.004s] [ 42%] [32mBuilding CXX object CMakeFiles/dexter_msgs__rosidl_typesupport_c.dir/rosidl_typesupport_c/dexter_msgs/srv/add_item__type_support.cpp.o[0m
[5.005s] [ 43%] [32mBuilding CXX object CMakeFiles/dexter_msgs__rosidl_typesupport_cpp.dir/rosidl_typesupport_cpp/dexter_msgs/srv/dispatch_item__type_support.cpp.o[0m
[5.006s] [ 44%] [32mBuilding CXX object CMakeFiles/dexter_msgs__rosidl_typesupport_cpp.dir/rosidl_typesupport_cpp/dexter_msgs/action/dexter_task__type_support.cpp.o[0m
[5.006s] [ 45%] [32mBuilding CXX object CMakeFiles/dexter_msgs__rosidl_typesupport_cpp.dir/rosidl_typesupport_cpp/dexter_msgs/srv/add_two_ints__type_support.cpp.o[0m
[5.006s] [ 46%] [32mBuilding CXX object CMakeFiles/dexter_msgs__rosidl_typesupport_cpp.dir/rosidl_typesupport_cpp/dexter_msgs/srv/euler_to_quaternion__type_support.cpp.o[0m
[5.007s] [ 47%] [32mBuilding CXX object CMakeFiles/dexter_msgs__rosidl_typesupport_cpp.dir/rosidl_typesupport_cpp/dexter_msgs/srv/quaternion_to_euler__type_support.cpp.o[0m
[5.012s] [ 48%] [32mBuilding CXX object CMakeFiles/dexter_msgs__rosidl_typesupport_cpp.dir/rosidl_typesupport_cpp/dexter_msgs/srv/add_item__type_support.cpp.o[0m
[5.113s] [ 49%] [32m[1mLinking CXX shared library libdexter_msgs__rosidl_typesupport_c.so[0m
[5.186s] [ 50%] [32mBuilding CXX object CMakeFiles/dexter_msgs__rosidl_typesupport_introspection_cpp.dir/rosidl_typesupport_introspection_cpp/dexter_msgs/srv/detail/add_two_ints__type_support.cpp.o[0m
[5.187s] [ 51%] [32mBuilding CXX object CMakeFiles/dexter_msgs__rosidl_typesupport_introspection_cpp.dir/rosidl_typesupport_introspection_cpp/dexter_msgs/action/detail/fibonacci__type_support.cpp.o[0m
[5.187s] [ 52%] [32mBuilding CXX object CMakeFiles/dexter_msgs__rosidl_typesupport_introspection_cpp.dir/rosidl_typesupport_introspection_cpp/dexter_msgs/srv/detail/euler_to_quaternion__type_support.cpp.o[0m
[5.191s] [ 52%] Built target dexter_msgs__rosidl_typesupport_c
[5.193s] [ 53%] [32mBuilding CXX object CMakeFiles/dexter_msgs__rosidl_typesupport_introspection_cpp.dir/rosidl_typesupport_introspection_cpp/dexter_msgs/srv/detail/dispatch_item__type_support.cpp.o[0m
[5.193s] [ 54%] [32mBuilding CXX object CMakeFiles/dexter_msgs__rosidl_typesupport_introspection_cpp.dir/rosidl_typesupport_introspection_cpp/dexter_msgs/srv/detail/quaternion_to_euler__type_support.cpp.o[0m
[5.193s] [ 55%] [32mBuilding CXX object CMakeFiles/dexter_msgs__rosidl_typesupport_introspection_cpp.dir/rosidl_typesupport_introspection_cpp/dexter_msgs/srv/detail/add_item__type_support.cpp.o[0m
[5.193s] [ 56%] [32mBuilding CXX object CMakeFiles/dexter_msgs__rosidl_typesupport_introspection_cpp.dir/rosidl_typesupport_introspection_cpp/dexter_msgs/action/detail/dexter_task__type_support.cpp.o[0m
[5.268s] [ 57%] [32mBuilding C object CMakeFiles/dexter_msgs__rosidl_typesupport_introspection_c.dir/rosidl_typesupport_introspection_c/dexter_msgs/srv/detail/euler_to_quaternion__type_support.c.o[0m
[5.270s] [ 58%] [32mBuilding C object CMakeFiles/dexter_msgs__rosidl_typesupport_introspection_c.dir/rosidl_typesupport_introspection_c/dexter_msgs/srv/detail/add_two_ints__type_support.c.o[0m
[5.272s] [ 60%] [32mBuilding C object CMakeFiles/dexter_msgs__rosidl_typesupport_introspection_c.dir/rosidl_typesupport_introspection_c/dexter_msgs/srv/detail/quaternion_to_euler__type_support.c.o[0m
[5.272s] [ 61%] [32mBuilding C object CMakeFiles/dexter_msgs__rosidl_typesupport_introspection_c.dir/rosidl_typesupport_introspection_c/dexter_msgs/action/detail/dexter_task__type_support.c.o[0m
[5.272s] [ 62%] [32mBuilding C object CMakeFiles/dexter_msgs__rosidl_typesupport_introspection_c.dir/rosidl_typesupport_introspection_c/dexter_msgs/srv/detail/dispatch_item__type_support.c.o[0m
[5.275s] [ 63%] [32mBuilding C object CMakeFiles/dexter_msgs__rosidl_typesupport_introspection_c.dir/rosidl_typesupport_introspection_c/dexter_msgs/srv/detail/add_item__type_support.c.o[0m
[5.275s] [ 64%] [32mBuilding C object CMakeFiles/dexter_msgs__rosidl_typesupport_introspection_c.dir/rosidl_typesupport_introspection_c/dexter_msgs/action/detail/fibonacci__type_support.c.o[0m
[5.432s] [ 65%] [32m[1mLinking C shared library libdexter_msgs__rosidl_typesupport_introspection_c.so[0m
[5.472s] [ 65%] Built target dexter_msgs__rosidl_typesupport_introspection_c
[6.141s] [ 66%] [32mBuilding CXX object CMakeFiles/dexter_msgs__rosidl_typesupport_fastrtps_cpp.dir/rosidl_typesupport_fastrtps_cpp/dexter_msgs/srv/detail/dds_fastrtps/quaternion_to_euler__type_support.cpp.o[0m
[6.142s] [ 67%] [32mBuilding CXX object CMakeFiles/dexter_msgs__rosidl_typesupport_fastrtps_cpp.dir/rosidl_typesupport_fastrtps_cpp/dexter_msgs/srv/detail/dds_fastrtps/add_item__type_support.cpp.o[0m
[6.144s] [ 69%] [32mBuilding CXX object CMakeFiles/dexter_msgs__rosidl_typesupport_fastrtps_cpp.dir/rosidl_typesupport_fastrtps_cpp/dexter_msgs/srv/detail/dds_fastrtps/add_two_ints__type_support.cpp.o[0m
[6.144s] [ 69%] [32mBuilding CXX object CMakeFiles/dexter_msgs__rosidl_typesupport_fastrtps_cpp.dir/rosidl_typesupport_fastrtps_cpp/dexter_msgs/srv/detail/dds_fastrtps/euler_to_quaternion__type_support.cpp.o[0m
[6.144s] [ 70%] [32mBuilding CXX object CMakeFiles/dexter_msgs__rosidl_typesupport_fastrtps_cpp.dir/rosidl_typesupport_fastrtps_cpp/dexter_msgs/action/detail/dds_fastrtps/fibonacci__type_support.cpp.o[0m
[6.145s] [ 71%] [32mBuilding CXX object CMakeFiles/dexter_msgs__rosidl_typesupport_fastrtps_cpp.dir/rosidl_typesupport_fastrtps_cpp/dexter_msgs/action/detail/dds_fastrtps/dexter_task__type_support.cpp.o[0m
[6.145s] [ 72%] [32mBuilding CXX object CMakeFiles/dexter_msgs__rosidl_typesupport_fastrtps_cpp.dir/rosidl_typesupport_fastrtps_cpp/dexter_msgs/srv/detail/dds_fastrtps/dispatch_item__type_support.cpp.o[0m
[6.184s] [ 73%] [32m[1mLinking CXX shared library libdexter_msgs__rosidl_typesupport_cpp.so[0m
[6.240s] [ 74%] [32mBuilding CXX object CMakeFiles/dexter_msgs__rosidl_typesupport_fastrtps_c.dir/rosidl_typesupport_fastrtps_c/dexter_msgs/srv/detail/dispatch_item__type_support_c.cpp.o[0m
[6.241s] [ 75%] [32mBuilding CXX object CMakeFiles/dexter_msgs__rosidl_typesupport_fastrtps_c.dir/rosidl_typesupport_fastrtps_c/dexter_msgs/srv/detail/add_item__type_support_c.cpp.o[0m
[6.242s] [ 78%] [32mBuilding CXX object CMakeFiles/dexter_msgs__rosidl_typesupport_fastrtps_c.dir/rosidl_typesupport_fastrtps_c/dexter_msgs/srv/detail/add_two_ints__type_support_c.cpp.o[0m
[6.243s] [ 78%] [32mBuilding CXX object CMakeFiles/dexter_msgs__rosidl_typesupport_fastrtps_c.dir/rosidl_typesupport_fastrtps_c/dexter_msgs/srv/detail/quaternion_to_euler__type_support_c.cpp.o[0m
[6.243s] [ 78%] [32mBuilding CXX object CMakeFiles/dexter_msgs__rosidl_typesupport_fastrtps_c.dir/rosidl_typesupport_fastrtps_c/dexter_msgs/srv/detail/euler_to_quaternion__type_support_c.cpp.o[0m
[6.243s] [ 80%] [32mBuilding CXX object CMakeFiles/dexter_msgs__rosidl_typesupport_fastrtps_c.dir/rosidl_typesupport_fastrtps_c/dexter_msgs/action/detail/fibonacci__type_support_c.cpp.o[0m
[6.243s] [ 81%] [32mBuilding CXX object CMakeFiles/dexter_msgs__rosidl_typesupport_fastrtps_c.dir/rosidl_typesupport_fastrtps_c/dexter_msgs/action/detail/dexter_task__type_support_c.cpp.o[0m
[6.300s] [ 81%] Built target dexter_msgs__rosidl_typesupport_cpp
[6.375s] [ 82%] [32m[1mLinking CXX shared library libdexter_msgs__rosidl_typesupport_introspection_cpp.so[0m
[6.603s] [ 82%] Built target dexter_msgs__rosidl_typesupport_introspection_cpp
[7.178s] [ 83%] [32m[1mLinking CXX shared library libdexter_msgs__rosidl_typesupport_fastrtps_c.so[0m
[7.256s] [ 83%] Built target dexter_msgs__rosidl_typesupport_fastrtps_c
[7.327s] [ 84%] [32m[1mLinking CXX shared library libdexter_msgs__rosidl_typesupport_fastrtps_cpp.so[0m
[7.397s] [ 84%] Built target dexter_msgs__rosidl_typesupport_fastrtps_cpp
[7.416s] [ 84%] Built target dexter_msgs
[7.439s] [ 85%] [34m[1mGenerating Python code for ROS interfaces[0m
[8.669s] [ 85%] Built target dexter_msgs__py
[8.686s] [ 87%] [32mBuilding C object CMakeFiles/dexter_msgs__rosidl_generator_py.dir/rosidl_generator_py/dexter_msgs/srv/_add_item_s.c.o[0m
[8.686s] [ 87%] [32mBuilding C object CMakeFiles/dexter_msgs__rosidl_generator_py.dir/rosidl_generator_py/dexter_msgs/srv/_add_two_ints_s.c.o[0m
[8.688s] [ 88%] [32mBuilding C object CMakeFiles/dexter_msgs__rosidl_generator_py.dir/rosidl_generator_py/dexter_msgs/srv/_euler_to_quaternion_s.c.o[0m
[8.689s] [ 90%] [32mBuilding C object CMakeFiles/dexter_msgs__rosidl_generator_py.dir/rosidl_generator_py/dexter_msgs/srv/_dispatch_item_s.c.o[0m
[8.689s] [ 90%] [32mBuilding C object CMakeFiles/dexter_msgs__rosidl_generator_py.dir/rosidl_generator_py/dexter_msgs/srv/_quaternion_to_euler_s.c.o[0m
[8.689s] [ 92%] [32mBuilding C object CMakeFiles/dexter_msgs__rosidl_generator_py.dir/rosidl_generator_py/dexter_msgs/action/_fibonacci_s.c.o[0m
[8.689s] [ 92%] [32mBuilding C object CMakeFiles/dexter_msgs__rosidl_generator_py.dir/rosidl_generator_py/dexter_msgs/action/_dexter_task_s.c.o[0m
[8.884s] [ 93%] [32m[1mLinking C shared library libdexter_msgs__rosidl_generator_py.so[0m
[8.925s] [ 93%] Built target dexter_msgs__rosidl_generator_py
[8.944s] [ 94%] [32mBuilding C object CMakeFiles/dexter_msgs_s__rosidl_typesupport_introspection_c.dir/rosidl_generator_py/dexter_msgs/_dexter_msgs_s.ep.rosidl_typesupport_introspection_c.c.o[0m
[8.945s] [ 95%] [32mBuilding C object CMakeFiles/dexter_msgs_s__rosidl_typesupport_c.dir/rosidl_generator_py/dexter_msgs/_dexter_msgs_s.ep.rosidl_typesupport_c.c.o[0m
[8.946s] [ 96%] [32mBuilding C object CMakeFiles/dexter_msgs_s__rosidl_typesupport_fastrtps_c.dir/rosidl_generator_py/dexter_msgs/_dexter_msgs_s.ep.rosidl_typesupport_fastrtps_c.c.o[0m
[9.089s] [ 97%] [32m[1mLinking C shared module rosidl_generator_py/dexter_msgs/dexter_msgs_s__rosidl_typesupport_introspection_c.so[0m
[9.090s] [ 98%] [32m[1mLinking C shared module rosidl_generator_py/dexter_msgs/dexter_msgs_s__rosidl_typesupport_c.so[0m
[9.090s] [100%] [32m[1mLinking C shared module rosidl_generator_py/dexter_msgs/dexter_msgs_s__rosidl_typesupport_fastrtps_c.so[0m
[9.118s] [100%] Built target dexter_msgs_s__rosidl_typesupport_introspection_c
[9.119s] [100%] Built target dexter_msgs_s__rosidl_typesupport_fastrtps_c
[9.119s] [100%] Built target dexter_msgs_s__rosidl_typesupport_c
[9.130s] Invoked command in '/home/aditya/Cpps/Dexter/build/dexter_msgs' returned '0': CMAKE_PREFIX_PATH=${CMAKE_PREFIX_PATH}:/home/aditya/ros2_ws/install/my_py_pkg:/opt/ros/jazzy DEBUGINFOD_URLS=https://debuginfod.ubuntu.com PS1=\[\e]0;\u@\h: \w\a\]${debian_chroot:+($debian_chroot)}\[\033[01;32m\]\u@\h\[\033[00m\]:\[\033[01;34m\]\w\[\033[00m\]\$ VIRTUAL_ENV_PROMPT=(venv-ardupilot) /usr/bin/cmake --build /home/aditya/Cpps/Dexter/build/dexter_msgs -- -j28 -l28
[9.131s] Invoking command in '/home/aditya/Cpps/Dexter/build/dexter_msgs': CMAKE_PREFIX_PATH=${CMAKE_PREFIX_PATH}:/home/aditya/ros2_ws/install/my_py_pkg:/opt/ros/jazzy DEBUGINFOD_URLS=https://debuginfod.ubuntu.com PS1=\[\e]0;\u@\h: \w\a\]${debian_chroot:+($debian_chroot)}\[\033[01;32m\]\u@\h\[\033[00m\]:\[\033[01;34m\]\w\[\033[00m\]\$ VIRTUAL_ENV_PROMPT=(venv-ardupilot) /usr/bin/cmake --install /home/aditya/Cpps/Dexter/build/dexter_msgs
[9.139s] -- Install configuration: ""
[9.139s] -- Installing: /home/aditya/Cpps/Dexter/install/dexter_msgs/share/ament_index/resource_index/rosidl_interfaces/dexter_msgs
[9.140s] -- Installing: /home/aditya/Cpps/Dexter/install/dexter_msgs/share/dexter_msgs/srv/AddTwoInts.json
[9.140s] -- Installing: /home/aditya/Cpps/Dexter/install/dexter_msgs/share/dexter_msgs/srv/EulerToQuaternion.json
[9.140s] -- Installing: /home/aditya/Cpps/Dexter/install/dexter_msgs/share/dexter_msgs/srv/QuaternionToEuler.json
[9.140s] -- Installing: /home/aditya/Cpps/Dexter/install/dexter_msgs/share/dexter_msgs/action/Fibonacci.json
[9.140s] -- Installing: /home/aditya/Cpps/Dexter/install/dexter_msgs/share/dexter_msgs/action/DexterTask.json
[9.140s] -- Installing: /home/aditya/Cpps/Dexter/install/dexter_msgs/share/dexter_msgs/srv/DispatchItem.json
[9.140s] -- Installing: /home/aditya/Cpps/Dexter/install/dexter_msgs/share/dexter_msgs/srv/AddItem.json
[9.140s] -- Installing: /home/aditya/Cpps/Dexter/install/dexter_msgs/include/dexter_msgs/dexter_msgs
[9.140s] -- Installing: /home/aditya/Cpps/Dexter/install/dexter_msgs/include/dexter_msgs/dexter_msgs/msg
[9.141s] -- Installing: /home/aditya/Cpps/Dexter/install/dexter_msgs/include/dexter_msgs/dexter_msgs/msg/rosidl_generator_c__visibility_control.h
[9.141s] -- Installing: /home/aditya/Cpps/Dexter/install/dexter_msgs/include/dexter_msgs/dexter_msgs/srv
[9.141s] -- Installing: /home/aditya/Cpps/Dexter/install/dexter_msgs/include/dexter_msgs/dexter_msgs/srv/quaternion_to_euler.h
[9.141s] -- Installing: /home/aditya/Cpps/Dexter/install/dexter_msgs/include/dexter_msgs/dexter_msgs/srv/euler_to_quaternion.h
[9.141s] -- Installing: /home/aditya/Cpps/Dexter/install/dexter_msgs/include/dexter_msgs/dexter_msgs/srv/detail
[9.141s] -- Installing: /home/aditya/Cpps/Dexter/install/dexter_msgs/include/dexter_msgs/dexter_msgs/srv/detail/quaternion_to_euler__struct.h
[9.141s] -- Installing: /home/aditya/Cpps/Dexter/install/dexter_msgs/include/dexter_msgs/dexter_msgs/srv/detail/add_two_ints__type_support.c
[9.141s] -- Installing: /home/aditya/Cpps/Dexter/install/dexter_msgs/include/dexter_msgs/dexter_msgs/srv/detail/euler_to_quaternion__type_support.c
[9.141s] -- Installing: /home/aditya/Cpps/Dexter/install/dexter_msgs/include/dexter_msgs/dexter_msgs/srv/detail/dispatch_item__description.c
[9.141s] -- Installing: /home/aditya/Cpps/Dexter/install/dexter_msgs/include/dexter_msgs/dexter_msgs/srv/detail/quaternion_to_euler__functions.c
[9.141s] -- Installing: /home/aditya/Cpps/Dexter/install/dexter_msgs/include/dexter_msgs/dexter_msgs/srv/detail/euler_to_quaternion__functions.h
[9.141s] -- Installing: /home/aditya/Cpps/Dexter/install/dexter_msgs/include/dexter_msgs/dexter_msgs/srv/detail/euler_to_quaternion__functions.c
[9.142s] -- Installing: /home/aditya/Cpps/Dexter/install/dexter_msgs/include/dexter_msgs/dexter_msgs/srv/detail/dispatch_item__functions.h
[9.142s] -- Installing: /home/aditya/Cpps/Dexter/install/dexter_msgs/include/dexter_msgs/dexter_msgs/srv/detail/dispatch_item__struct.h
[9.142s] -- Installing: /home/aditya/Cpps/Dexter/install/dexter_msgs/include/dexter_msgs/dexter_msgs/srv/detail/quaternion_to_euler__description.c
[9.142s] -- Installing: /home/aditya/Cpps/Dexter/install/dexter_msgs/include/dexter_msgs/dexter_msgs/srv/detail/quaternion_to_euler__type_support.h
[9.142s] -- Installing: /home/aditya/Cpps/Dexter/install/dexter_msgs/include/dexter_msgs/dexter_msgs/srv/detail/add_item__struct.h
[9.142s] -- Installing: /home/aditya/Cpps/Dexter/install/dexter_msgs/include/dexter_msgs/dexter_msgs/srv/detail/quaternion_to_euler__type_support.c
[9.142s] -- Installing: /home/aditya/Cpps/Dexter/install/dexter_msgs/include/dexter_msgs/dexter_msgs/srv/detail/add_two_ints__functions.h
[9.142s] -- Installing: /home/aditya/Cpps/Dexter/install/dexter_msgs/include/dexter_msgs/dexter_msgs/srv/detail/add_two_ints__functions.c
[9.142s] -- Installing: /home/aditya/Cpps/Dexter/install/dexter_msgs/include/dexter_msgs/dexter_msgs/srv/detail/add_item__functions.c
[9.142s] -- Installing: /home/aditya/Cpps/Dexter/install/dexter_msgs/include/dexter_msgs/dexter_msgs/srv/detail/quaternion_to_euler__functions.h
[9.142s] -- Installing: /home/aditya/Cpps/Dexter/install/dexter_msgs/include/dexter_msgs/dexter_msgs/srv/detail/euler_to_quaternion__description.c
[9.142s] -- Installing: /home/aditya/Cpps/Dexter/install/dexter_msgs/include/dexter_msgs/dexter_msgs/srv/detail/dispatch_item__type_support.h
[9.143s] -- Installing: /home/aditya/Cpps/Dexter/install/dexter_msgs/include/dexter_msgs/dexter_msgs/srv/detail/add_two_ints__type_support.h
[9.143s] -- Installing: /home/aditya/Cpps/Dexter/install/dexter_msgs/include/dexter_msgs/dexter_msgs/srv/detail/add_two_ints__struct.h
[9.143s] -- Installing: /home/aditya/Cpps/Dexter/install/dexter_msgs/include/dexter_msgs/dexter_msgs/srv/detail/add_item__functions.h
[9.143s] -- Installing: /home/aditya/Cpps/Dexter/install/dexter_msgs/include/dexter_msgs/dexter_msgs/srv/detail/add_two_ints__description.c
[9.143s] -- Installing: /home/aditya/Cpps/Dexter/install/dexter_msgs/include/dexter_msgs/dexter_msgs/srv/detail/add_item__type_support.h
[9.143s] -- Installing: /home/aditya/Cpps/Dexter/install/dexter_msgs/include/dexter_msgs/dexter_msgs/srv/detail/euler_to_quaternion__type_support.h
[9.143s] -- Installing: /home/aditya/Cpps/Dexter/install/dexter_msgs/include/dexter_msgs/dexter_msgs/srv/detail/dispatch_item__functions.c
[9.143s] -- Installing: /home/aditya/Cpps/Dexter/install/dexter_msgs/include/dexter_msgs/dexter_msgs/srv/detail/add_item__type_support.c
[9.143s] -- Installing: /home/aditya/Cpps/Dexter/install/dexter_msgs/include/dexter_msgs/dexter_msgs/srv/detail/euler_to_quaternion__struct.h
[9.143s] -- Installing: /home/aditya/Cpps/Dexter/install/dexter_msgs/include/dexter_msgs/dexter_msgs/srv/detail/dispatch_item__type_support.c
[9.143s] -- Installing: /home/aditya/Cpps/Dexter/install/dexter_msgs/include/dexter_msgs/dexter_msgs/srv/detail/add_item__description.c
[9.144s] -- Installing: /home/aditya/Cpps/Dexter/install/dexter_msgs/include/dexter_msgs/dexter_msgs/srv/add_two_ints.h
[9.144s] -- Installing: /home/aditya/Cpps/Dexter/install/dexter_msgs/include/dexter_msgs/dexter_msgs/srv/dispatch_item.h
[9.144s] -- Installing: /home/aditya/Cpps/Dexter/install/dexter_msgs/include/dexter_msgs/dexter_msgs/srv/add_item.h
[9.144s] -- Installing: /home/aditya/Cpps/Dexter/install/dexter_msgs/include/dexter_msgs/dexter_msgs/action
[9.144s] -- Installing: /home/aditya/Cpps/Dexter/install/dexter_msgs/include/dexter_msgs/dexter_msgs/action/detail
[9.144s] -- Installing: /home/aditya/Cpps/Dexter/install/dexter_msgs/include/dexter_msgs/dexter_msgs/action/detail/dexter_task__type_support.h
[9.144s] -- Installing: /home/aditya/Cpps/Dexter/install/dexter_msgs/include/dexter_msgs/dexter_msgs/action/detail/dexter_task__struct.h
[9.144s] -- Installing: /home/aditya/Cpps/Dexter/install/dexter_msgs/include/dexter_msgs/dexter_msgs/action/detail/dexter_task__functions.h
[9.144s] -- Installing: /home/aditya/Cpps/Dexter/install/dexter_msgs/include/dexter_msgs/dexter_msgs/action/detail/dexter_task__description.c
[9.144s] -- Installing: /home/aditya/Cpps/Dexter/install/dexter_msgs/include/dexter_msgs/dexter_msgs/action/detail/fibonacci__type_support.h
[9.144s] -- Installing: /home/aditya/Cpps/Dexter/install/dexter_msgs/include/dexter_msgs/dexter_msgs/action/detail/dexter_task__type_support.c
[9.145s] -- Installing: /home/aditya/Cpps/Dexter/install/dexter_msgs/include/dexter_msgs/dexter_msgs/action/detail/fibonacci__functions.h
[9.145s] -- Installing: /home/aditya/Cpps/Dexter/install/dexter_msgs/include/dexter_msgs/dexter_msgs/action/detail/fibonacci__type_support.c
[9.145s] -- Installing: /home/aditya/Cpps/Dexter/install/dexter_msgs/include/dexter_msgs/dexter_msgs/action/detail/dexter_task__functions.c
[9.145s] -- Installing: /home/aditya/Cpps/Dexter/install/dexter_msgs/include/dexter_msgs/dexter_msgs/action/detail/fibonacci__struct.h
[9.145s] -- Installing: /home/aditya/Cpps/Dexter/install/dexter_msgs/include/dexter_msgs/dexter_msgs/action/detail/fibonacci__functions.c
[9.145s] -- Installing: /home/aditya/Cpps/Dexter/install/dexter_msgs/include/dexter_msgs/dexter_msgs/action/detail/fibonacci__description.c
[9.146s] -- Installing: /home/aditya/Cpps/Dexter/install/dexter_msgs/include/dexter_msgs/dexter_msgs/action/fibonacci.h
[9.146s] -- Installing: /home/aditya/Cpps/Dexter/install/dexter_msgs/include/dexter_msgs/dexter_msgs/action/dexter_task.h
[9.146s] -- Installing: /home/aditya/Cpps/Dexter/install/dexter_msgs/share/dexter_msgs/environment/library_path.sh
[9.146s] -- Installing: /home/aditya/Cpps/Dexter/install/dexter_msgs/share/dexter_msgs/environment/library_path.dsv
[9.146s] -- Installing: /home/aditya/Cpps/Dexter/install/dexter_msgs/lib/libdexter_msgs__rosidl_generator_c.so
[9.147s] -- Set non-toolchain portion of runtime path of "/home/aditya/Cpps/Dexter/install/dexter_msgs/lib/libdexter_msgs__rosidl_generator_c.so" to ""
[9.147s] -- Up-to-date: /home/aditya/Cpps/Dexter/install/dexter_msgs/include/dexter_msgs/dexter_msgs
[9.147s] -- Up-to-date: /home/aditya/Cpps/Dexter/install/dexter_msgs/include/dexter_msgs/dexter_msgs/msg
[9.147s] -- Installing: /home/aditya/Cpps/Dexter/install/dexter_msgs/include/dexter_msgs/dexter_msgs/msg/rosidl_typesupport_fastrtps_c__visibility_control.h
[9.147s] -- Up-to-date: /home/aditya/Cpps/Dexter/install/dexter_msgs/include/dexter_msgs/dexter_msgs/srv
[9.147s] -- Up-to-date: /home/aditya/Cpps/Dexter/install/dexter_msgs/include/dexter_msgs/dexter_msgs/srv/detail
[9.147s] -- Installing: /home/aditya/Cpps/Dexter/install/dexter_msgs/include/dexter_msgs/dexter_msgs/srv/detail/dispatch_item__rosidl_typesupport_fastrtps_c.h
[9.147s] -- Installing: /home/aditya/Cpps/Dexter/install/dexter_msgs/include/dexter_msgs/dexter_msgs/srv/detail/add_two_ints__rosidl_typesupport_fastrtps_c.h
[9.147s] -- Installing: /home/aditya/Cpps/Dexter/install/dexter_msgs/include/dexter_msgs/dexter_msgs/srv/detail/add_item__rosidl_typesupport_fastrtps_c.h
[9.147s] -- Installing: /home/aditya/Cpps/Dexter/install/dexter_msgs/include/dexter_msgs/dexter_msgs/srv/detail/quaternion_to_euler__rosidl_typesupport_fastrtps_c.h
[9.147s] -- Installing: /home/aditya/Cpps/Dexter/install/dexter_msgs/include/dexter_msgs/dexter_msgs/srv/detail/euler_to_quaternion__rosidl_typesupport_fastrtps_c.h
[9.147s] -- Up-to-date: /home/aditya/Cpps/Dexter/install/dexter_msgs/include/dexter_msgs/dexter_msgs/action
[9.147s] -- Up-to-date: /home/aditya/Cpps/Dexter/install/dexter_msgs/include/dexter_msgs/dexter_msgs/action/detail
[9.147s] -- Installing: /home/aditya/Cpps/Dexter/install/dexter_msgs/include/dexter_msgs/dexter_msgs/action/detail/dexter_task__rosidl_typesupport_fastrtps_c.h
[9.148s] -- Installing: /home/aditya/Cpps/Dexter/install/dexter_msgs/include/dexter_msgs/dexter_msgs/action/detail/fibonacci__rosidl_typesupport_fastrtps_c.h
[9.148s] -- Installing: /home/aditya/Cpps/Dexter/install/dexter_msgs/lib/libdexter_msgs__rosidl_typesupport_fastrtps_c.so
[9.148s] -- Set non-toolchain portion of runtime path of "/home/aditya/Cpps/Dexter/install/dexter_msgs/lib/libdexter_msgs__rosidl_typesupport_fastrtps_c.so" to ""
[9.148s] -- Up-to-date: /home/aditya/Cpps/Dexter/install/dexter_msgs/include/dexter_msgs/dexter_msgs
[9.148s] -- Up-to-date: /home/aditya/Cpps/Dexter/install/dexter_msgs/include/dexter_msgs/dexter_msgs/msg
[9.148s] -- Installing: /home/aditya/Cpps/Dexter/install/dexter_msgs/include/dexter_msgs/dexter_msgs/msg/rosidl_generator_cpp__visibility_control.hpp
[9.148s] -- Up-to-date: /home/aditya/Cpps/Dexter/install/dexter_msgs/include/dexter_msgs/dexter_msgs/srv
[9.148s] -- Installing: /home/aditya/Cpps/Dexter/install/dexter_msgs/include/dexter_msgs/dexter_msgs/srv/dispatch_item.hpp
[9.148s] -- Installing: /home/aditya/Cpps/Dexter/install/dexter_msgs/include/dexter_msgs/dexter_msgs/srv/quaternion_to_euler.hpp
[9.149s] -- Installing: /home/aditya/Cpps/Dexter/install/dexter_msgs/include/dexter_msgs/dexter_msgs/srv/add_two_ints.hpp
[9.149s] -- Installing: /home/aditya/Cpps/Dexter/install/dexter_msgs/include/dexter_msgs/dexter_msgs/srv/euler_to_quaternion.hpp
[9.149s] -- Installing: /home/aditya/Cpps/Dexter/install/dexter_msgs/include/dexter_msgs/dexter_msgs/srv/add_item.hpp
[9.149s] -- Up-to-date: /home/aditya/Cpps/Dexter/install/dexter_msgs/include/dexter_msgs/dexter_msgs/srv/detail
[9.149s] -- Installing: /home/aditya/Cpps/Dexter/install/dexter_msgs/include/dexter_msgs/dexter_msgs/srv/detail/add_two_ints__builder.hpp
[9.149s] -- Installing: /home/aditya/Cpps/Dexter/install/dexter_msgs/include/dexter_msgs/dexter_msgs/srv/detail/quaternion_to_euler__type_support.hpp
[9.149s] -- Installing: /home/aditya/Cpps/Dexter/install/dexter_msgs/include/dexter_msgs/dexter_msgs/srv/detail/quaternion_to_euler__traits.hpp
[9.149s] -- Installing: /home/aditya/Cpps/Dexter/install/dexter_msgs/include/dexter_msgs/dexter_msgs/srv/detail/add_item__traits.hpp
[9.149s] -- Installing: /home/aditya/Cpps/Dexter/install/dexter_msgs/include/dexter_msgs/dexter_msgs/srv/detail/dispatch_item__struct.hpp
[9.149s] -- Installing: /home/aditya/Cpps/Dexter/install/dexter_msgs/include/dexter_msgs/dexter_msgs/srv/detail/dispatch_item__builder.hpp
[9.149s] -- Installing: /home/aditya/Cpps/Dexter/install/dexter_msgs/include/dexter_msgs/dexter_msgs/srv/detail/dispatch_item__traits.hpp
[9.150s] -- Installing: /home/aditya/Cpps/Dexter/install/dexter_msgs/include/dexter_msgs/dexter_msgs/srv/detail/euler_to_quaternion__type_support.hpp
[9.150s] -- Installing: /home/aditya/Cpps/Dexter/install/dexter_msgs/include/dexter_msgs/dexter_msgs/srv/detail/add_two_ints__type_support.hpp
[9.150s] -- Installing: /home/aditya/Cpps/Dexter/install/dexter_msgs/include/dexter_msgs/dexter_msgs/srv/detail/add_item__builder.hpp
[9.150s] -- Installing: /home/aditya/Cpps/Dexter/install/dexter_msgs/include/dexter_msgs/dexter_msgs/srv/detail/add_two_ints__struct.hpp
[9.150s] -- Installing: /home/aditya/Cpps/Dexter/install/dexter_msgs/include/dexter_msgs/dexter_msgs/srv/detail/euler_to_quaternion__struct.hpp
[9.150s] -- Installing: /home/aditya/Cpps/Dexter/install/dexter_msgs/include/dexter_msgs/dexter_msgs/srv/detail/add_item__struct.hpp
[9.150s] -- Installing: /home/aditya/Cpps/Dexter/install/dexter_msgs/include/dexter_msgs/dexter_msgs/srv/detail/add_two_ints__traits.hpp
[9.150s] -- Installing: /home/aditya/Cpps/Dexter/install/dexter_msgs/include/dexter_msgs/dexter_msgs/srv/detail/add_item__type_support.hpp
[9.150s] -- Installing: /home/aditya/Cpps/Dexter/install/dexter_msgs/include/dexter_msgs/dexter_msgs/srv/detail/quaternion_to_euler__struct.hpp
[9.150s] -- Installing: /home/aditya/Cpps/Dexter/install/dexter_msgs/include/dexter_msgs/dexter_msgs/srv/detail/euler_to_quaternion__builder.hpp
[9.150s] -- Installing: /home/aditya/Cpps/Dexter/install/dexter_msgs/include/dexter_msgs/dexter_msgs/srv/detail/dispatch_item__type_support.hpp
[9.150s] -- Installing: /home/aditya/Cpps/Dexter/install/dexter_msgs/include/dexter_msgs/dexter_msgs/srv/detail/euler_to_quaternion__traits.hpp
[9.150s] -- Installing: /home/aditya/Cpps/Dexter/install/dexter_msgs/include/dexter_msgs/dexter_msgs/srv/detail/quaternion_to_euler__builder.hpp
[9.150s] -- Up-to-date: /home/aditya/Cpps/Dexter/install/dexter_msgs/include/dexter_msgs/dexter_msgs/action
[9.150s] -- Installing: /home/aditya/Cpps/Dexter/install/dexter_msgs/include/dexter_msgs/dexter_msgs/action/dexter_task.hpp
[9.150s] -- Up-to-date: /home/aditya/Cpps/Dexter/install/dexter_msgs/include/dexter_msgs/dexter_msgs/action/detail
[9.151s] -- Installing: /home/aditya/Cpps/Dexter/install/dexter_msgs/include/dexter_msgs/dexter_msgs/action/detail/fibonacci__traits.hpp
[9.151s] -- Installing: /home/aditya/Cpps/Dexter/install/dexter_msgs/include/dexter_msgs/dexter_msgs/action/detail/fibonacci__struct.hpp
[9.151s] -- Installing: /home/aditya/Cpps/Dexter/install/dexter_msgs/include/dexter_msgs/dexter_msgs/action/detail/fibonacci__type_support.hpp
[9.151s] -- Installing: /home/aditya/Cpps/Dexter/install/dexter_msgs/include/dexter_msgs/dexter_msgs/action/detail/dexter_task__struct.hpp
[9.151s] -- Installing: /home/aditya/Cpps/Dexter/install/dexter_msgs/include/dexter_msgs/dexter_msgs/action/detail/fibonacci__builder.hpp
[9.151s] -- Installing: /home/aditya/Cpps/Dexter/install/dexter_msgs/include/dexter_msgs/dexter_msgs/action/detail/dexter_task__builder.hpp
[9.151s] -- Installing: /home/aditya/Cpps/Dexter/install/dexter_msgs/include/dexter_msgs/dexter_msgs/action/detail/dexter_task__type_support.hpp
[9.151s] -- Installing: /home/aditya/Cpps/Dexter/install/dexter_msgs/include/dexter_msgs/dexter_msgs/action/detail/dexter_task__traits.hpp
[9.151s] -- Installing: /home/aditya/Cpps/Dexter/install/dexter_msgs/include/dexter_msgs/dexter_msgs/action/fibonacci.hpp
[9.151s] -- Up-to-date: /home/aditya/Cpps/Dexter/install/dexter_msgs/include/dexter_msgs/dexter_msgs
[9.151s] -- Up-to-date: /home/aditya/Cpps/Dexter/install/dexter_msgs/include/dexter_msgs/dexter_msgs/msg
[9.151s] -- Installing: /home/aditya/Cpps/Dexter/install/dexter_msgs/include/dexter_msgs/dexter_msgs/msg/rosidl_typesupport_fastrtps_cpp__visibility_control.h
[9.151s] -- Up-to-date: /home/aditya/Cpps/Dexter/install/dexter_msgs/include/dexter_msgs/dexter_msgs/srv
[9.151s] -- Up-to-date: /home/aditya/Cpps/Dexter/install/dexter_msgs/include/dexter_msgs/dexter_msgs/srv/detail
[9.151s] -- Installing: /home/aditya/Cpps/Dexter/install/dexter_msgs/include/dexter_msgs/dexter_msgs/srv/detail/euler_to_quaternion__rosidl_typesupport_fastrtps_cpp.hpp
[9.151s] -- Installing: /home/aditya/Cpps/Dexter/install/dexter_msgs/include/dexter_msgs/dexter_msgs/srv/detail/quaternion_to_euler__rosidl_typesupport_fastrtps_cpp.hpp
[9.151s] -- Installing: /home/aditya/Cpps/Dexter/install/dexter_msgs/include/dexter_msgs/dexter_msgs/srv/detail/add_two_ints__rosidl_typesupport_fastrtps_cpp.hpp
[9.151s] -- Installing: /home/aditya/Cpps/Dexter/install/dexter_msgs/include/dexter_msgs/dexter_msgs/srv/detail/add_item__rosidl_typesupport_fastrtps_cpp.hpp
[9.151s] -- Installing: /home/aditya/Cpps/Dexter/install/dexter_msgs/include/dexter_msgs/dexter_msgs/srv/detail/dds_fastrtps
[9.151s] -- Installing: /home/aditya/Cpps/Dexter/install/dexter_msgs/include/dexter_msgs/dexter_msgs/srv/detail/dispatch_item__rosidl_typesupport_fastrtps_cpp.hpp
[9.151s] -- Up-to-date: /home/aditya/Cpps/Dexter/install/dexter_msgs/include/dexter_msgs/dexter_msgs/action
[9.151s] -- Up-to-date: /home/aditya/Cpps/Dexter/install/dexter_msgs/include/dexter_msgs/dexter_msgs/action/detail
[9.151s] -- Installing: /home/aditya/Cpps/Dexter/install/dexter_msgs/include/dexter_msgs/dexter_msgs/action/detail/dexter_task__rosidl_typesupport_fastrtps_cpp.hpp
[9.151s] -- Installing: /home/aditya/Cpps/Dexter/install/dexter_msgs/include/dexter_msgs/dexter_msgs/action/detail/fibonacci__rosidl_typesupport_fastrtps_cpp.hpp
[9.152s] -- Installing: /home/aditya/Cpps/Dexter/install/dexter_msgs/include/dexter_msgs/dexter_msgs/action/detail/dds_fastrtps
[9.152s] -- Installing: /home/aditya/Cpps/Dexter/install/dexter_msgs/lib/libdexter_msgs__rosidl_typesupport_fastrtps_cpp.so
[9.152s] -- Set non-toolchain portion of runtime path of "/home/aditya/Cpps/Dexter/install/dexter_msgs/lib/libdexter_msgs__rosidl_typesupport_fastrtps_cpp.so" to ""
[9.152s] -- Up-to-date: /home/aditya/Cpps/Dexter/install/dexter_msgs/include/dexter_msgs/dexter_msgs
[9.152s] -- Up-to-date: /home/aditya/Cpps/Dexter/install/dexter_msgs/include/dexter_msgs/dexter_msgs/msg
[9.152s] -- Installing: /home/aditya/Cpps/Dexter/install/dexter_msgs/include/dexter_msgs/dexter_msgs/msg/rosidl_typesupport_introspection_c__visibility_control.h
[9.152s] -- Up-to-date: /home/aditya/Cpps/Dexter/install/dexter_msgs/include/dexter_msgs/dexter_msgs/srv
[9.152s] -- Up-to-date: /home/aditya/Cpps/Dexter/install/dexter_msgs/include/dexter_msgs/dexter_msgs/srv/detail
[9.152s] -- Installing: /home/aditya/Cpps/Dexter/install/dexter_msgs/include/dexter_msgs/dexter_msgs/srv/detail/add_two_ints__type_support.c
[9.152s] -- Installing: /home/aditya/Cpps/Dexter/install/dexter_msgs/include/dexter_msgs/dexter_msgs/srv/detail/euler_to_quaternion__type_support.c
[9.152s] -- Installing: /home/aditya/Cpps/Dexter/install/dexter_msgs/include/dexter_msgs/dexter_msgs/srv/detail/add_two_ints__rosidl_typesupport_introspection_c.h
[9.152s] -- Installing: /home/aditya/Cpps/Dexter/install/dexter_msgs/include/dexter_msgs/dexter_msgs/srv/detail/quaternion_to_euler__type_support.c
[9.153s] -- Installing: /home/aditya/Cpps/Dexter/install/dexter_msgs/include/dexter_msgs/dexter_msgs/srv/detail/dispatch_item__rosidl_typesupport_introspection_c.h
[9.153s] -- Installing: /home/aditya/Cpps/Dexter/install/dexter_msgs/include/dexter_msgs/dexter_msgs/srv/detail/add_item__rosidl_typesupport_introspection_c.h
[9.153s] -- Installing: /home/aditya/Cpps/Dexter/install/dexter_msgs/include/dexter_msgs/dexter_msgs/srv/detail/quaternion_to_euler__rosidl_typesupport_introspection_c.h
[9.153s] -- Installing: /home/aditya/Cpps/Dexter/install/dexter_msgs/include/dexter_msgs/dexter_msgs/srv/detail/add_item__type_support.c
[9.153s] -- Installing: /home/aditya/Cpps/Dexter/install/dexter_msgs/include/dexter_msgs/dexter_msgs/srv/detail/euler_to_quaternion__rosidl_typesupport_introspection_c.h
[9.153s] -- Installing: /home/aditya/Cpps/Dexter/install/dexter_msgs/include/dexter_msgs/dexter_msgs/srv/detail/dispatch_item__type_support.c
[9.153s] -- Up-to-date: /home/aditya/Cpps/Dexter/install/dexter_msgs/include/dexter_msgs/dexter_msgs/action
[9.153s] -- Up-to-date: /home/aditya/Cpps/Dexter/install/dexter_msgs/include/dexter_msgs/dexter_msgs/action/detail
[9.153s] -- Installing: /home/aditya/Cpps/Dexter/install/dexter_msgs/include/dexter_msgs/dexter_msgs/action/detail/dexter_task__type_support.c
[9.153s] -- Installing: /home/aditya/Cpps/Dexter/install/dexter_msgs/include/dexter_msgs/dexter_msgs/action/detail/fibonacci__rosidl_typesupport_introspection_c.h
[9.153s] -- Installing: /home/aditya/Cpps/Dexter/install/dexter_msgs/include/dexter_msgs/dexter_msgs/action/detail/fibonacci__type_support.c
[9.153s] -- Installing: /home/aditya/Cpps/Dexter/install/dexter_msgs/include/dexter_msgs/dexter_msgs/action/detail/dexter_task__rosidl_typesupport_introspection_c.h
[9.153s] -- Installing: /home/aditya/Cpps/Dexter/install/dexter_msgs/lib/libdexter_msgs__rosidl_typesupport_introspection_c.so
[9.153s] -- Set non-toolchain portion of runtime path of "/home/aditya/Cpps/Dexter/install/dexter_msgs/lib/libdexter_msgs__rosidl_typesupport_introspection_c.so" to ""
[9.153s] -- Installing: /home/aditya/Cpps/Dexter/install/dexter_msgs/lib/libdexter_msgs__rosidl_typesupport_c.so
[9.154s] -- Set non-toolchain portion of runtime path of "/home/aditya/Cpps/Dexter/install/dexter_msgs/lib/libdexter_msgs__rosidl_typesupport_c.so" to ""
[9.154s] -- Up-to-date: /home/aditya/Cpps/Dexter/install/dexter_msgs/include/dexter_msgs/dexter_msgs
[9.154s] -- Up-to-date: /home/aditya/Cpps/Dexter/install/dexter_msgs/include/dexter_msgs/dexter_msgs/srv
[9.154s] -- Up-to-date: /home/aditya/Cpps/Dexter/install/dexter_msgs/include/dexter_msgs/dexter_msgs/srv/detail
[9.154s] -- Installing: /home/aditya/Cpps/Dexter/install/dexter_msgs/include/dexter_msgs/dexter_msgs/srv/detail/quaternion_to_euler__rosidl_typesupport_introspection_cpp.hpp
[9.154s] -- Installing: /home/aditya/Cpps/Dexter/install/dexter_msgs/include/dexter_msgs/dexter_msgs/srv/detail/dispatch_item__rosidl_typesupport_introspection_cpp.hpp
[9.154s] -- Installing: /home/aditya/Cpps/Dexter/install/dexter_msgs/include/dexter_msgs/dexter_msgs/srv/detail/add_item__type_support.cpp
[9.154s] -- Installing: /home/aditya/Cpps/Dexter/install/dexter_msgs/include/dexter_msgs/dexter_msgs/srv/detail/add_two_ints__rosidl_typesupport_introspection_cpp.hpp
[9.154s] -- Installing: /home/aditya/Cpps/Dexter/install/dexter_msgs/include/dexter_msgs/dexter_msgs/srv/detail/add_two_ints__type_support.cpp
[9.154s] -- Installing: /home/aditya/Cpps/Dexter/install/dexter_msgs/include/dexter_msgs/dexter_msgs/srv/detail/euler_to_quaternion__rosidl_typesupport_introspection_cpp.hpp
[9.154s] -- Installing: /home/aditya/Cpps/Dexter/install/dexter_msgs/include/dexter_msgs/dexter_msgs/srv/detail/quaternion_to_euler__type_support.cpp
[9.154s] -- Installing: /home/aditya/Cpps/Dexter/install/dexter_msgs/include/dexter_msgs/dexter_msgs/srv/detail/dispatch_item__type_support.cpp
[9.154s] -- Installing: /home/aditya/Cpps/Dexter/install/dexter_msgs/include/dexter_msgs/dexter_msgs/srv/detail/euler_to_quaternion__type_support.cpp
[9.154s] -- Installing: /home/aditya/Cpps/Dexter/install/dexter_msgs/include/dexter_msgs/dexter_msgs/srv/detail/add_item__rosidl_typesupport_introspection_cpp.hpp
[9.154s] -- Up-to-date: /home/aditya/Cpps/Dexter/install/dexter_msgs/include/dexter_msgs/dexter_msgs/action
[9.154s] -- Up-to-date: /home/aditya/Cpps/Dexter/install/dexter_msgs/include/dexter_msgs/dexter_msgs/action/detail
[9.154s] -- Installing: /home/aditya/Cpps/Dexter/install/dexter_msgs/include/dexter_msgs/dexter_msgs/action/detail/dexter_task__rosidl_typesupport_introspection_cpp.hpp
[9.154s] -- Installing: /home/aditya/Cpps/Dexter/install/dexter_msgs/include/dexter_msgs/dexter_msgs/action/detail/dexter_task__type_support.cpp
[9.154s] -- Installing: /home/aditya/Cpps/Dexter/install/dexter_msgs/include/dexter_msgs/dexter_msgs/action/detail/fibonacci__type_support.cpp
[9.154s] -- Installing: /home/aditya/Cpps/Dexter/install/dexter_msgs/include/dexter_msgs/dexter_msgs/action/detail/fibonacci__rosidl_typesupport_introspection_cpp.hpp
[9.154s] -- Installing: /home/aditya/Cpps/Dexter/install/dexter_msgs/lib/libdexter_msgs__rosidl_typesupport_introspection_cpp.so
[9.155s] -- Set non-toolchain portion of runtime path of "/home/aditya/Cpps/Dexter/install/dexter_msgs/lib/libdexter_msgs__rosidl_typesupport_introspection_cpp.so" to ""
[9.155s] -- Installing: /home/aditya/Cpps/Dexter/install/dexter_msgs/lib/libdexter_msgs__rosidl_typesupport_cpp.so
[9.155s] -- Set non-toolchain portion of runtime path of "/home/aditya/Cpps/Dexter/install/dexter_msgs/lib/libdexter_msgs__rosidl_typesupport_cpp.so" to ""
[9.155s] -- Installing: /home/aditya/Cpps/Dexter/install/dexter_msgs/share/dexter_msgs/environment/pythonpath.sh
[9.156s] -- Installing: /home/aditya/Cpps/Dexter/install/dexter_msgs/share/dexter_msgs/environment/pythonpath.dsv
[9.156s] -- Installing: /home/aditya/Cpps/Dexter/install/dexter_msgs/lib/python3.12/site-packages/dexter_msgs-0.0.0-py3.12.egg-info
[9.156s] -- Installing: /home/aditya/Cpps/Dexter/install/dexter_msgs/lib/python3.12/site-packages/dexter_msgs-0.0.0-py3.12.egg-info/SOURCES.txt
[9.156s] -- Installing: /home/aditya/Cpps/Dexter/install/dexter_msgs/lib/python3.12/site-packages/dexter_msgs-0.0.0-py3.12.egg-info/PKG-INFO
[9.156s] -- Installing: /home/aditya/Cpps/Dexter/install/dexter_msgs/lib/python3.12/site-packages/dexter_msgs-0.0.0-py3.12.egg-info/dependency_links.txt
[9.156s] -- Installing: /home/aditya/Cpps/Dexter/install/dexter_msgs/lib/python3.12/site-packages/dexter_msgs-0.0.0-py3.12.egg-info/top_level.txt
[9.156s] -- Installing: /home/aditya/Cpps/Dexter/install/dexter_msgs/lib/python3.12/site-packages/dexter_msgs
[9.156s] -- Installing: /home/aditya/Cpps/Dexter/install/dexter_msgs/lib/python3.12/site-packages/dexter_msgs/_dexter_msgs_s.ep.rosidl_typesupport_introspection_c.c
[9.156s] -- Installing: /home/aditya/Cpps/Dexter/install/dexter_msgs/lib/python3.12/site-packages/dexter_msgs/dexter_msgs_s__rosidl_typesupport_fastrtps_c.so
[9.156s] -- Installing: /home/aditya/Cpps/Dexter/install/dexter_msgs/lib/python3.12/site-packages/dexter_msgs/_dexter_msgs_s.ep.rosidl_typesupport_c.c
[9.156s] -- Installing: /home/aditya/Cpps/Dexter/install/dexter_msgs/lib/python3.12/site-packages/dexter_msgs/dexter_msgs_s__rosidl_typesupport_introspection_c.so
[9.156s] -- Installing: /home/aditya/Cpps/Dexter/install/dexter_msgs/lib/python3.12/site-packages/dexter_msgs/_dexter_msgs_s.ep.rosidl_typesupport_fastrtps_c.c
[9.156s] -- Installing: /home/aditya/Cpps/Dexter/install/dexter_msgs/lib/python3.12/site-packages/dexter_msgs/__init__.py
[9.156s] -- Installing: /home/aditya/Cpps/Dexter/install/dexter_msgs/lib/python3.12/site-packages/dexter_msgs/dexter_msgs_s__rosidl_typesupport_c.so
[9.156s] -- Installing: /home/aditya/Cpps/Dexter/install/dexter_msgs/lib/python3.12/site-packages/dexter_msgs/srv
[9.156s] -- Installing: /home/aditya/Cpps/Dexter/install/dexter_msgs/lib/python3.12/site-packages/dexter_msgs/srv/_euler_to_quaternion_s.c
[9.156s] -- Installing: /home/aditya/Cpps/Dexter/install/dexter_msgs/lib/python3.12/site-packages/dexter_msgs/srv/_quaternion_to_euler_s.c
[9.157s] -- Installing: /home/aditya/Cpps/Dexter/install/dexter_msgs/lib/python3.12/site-packages/dexter_msgs/srv/_add_two_ints.py
[9.157s] -- Installing: /home/aditya/Cpps/Dexter/install/dexter_msgs/lib/python3.12/site-packages/dexter_msgs/srv/_add_two_ints_s.c
[9.157s] -- Installing: /home/aditya/Cpps/Dexter/install/dexter_msgs/lib/python3.12/site-packages/dexter_msgs/srv/_quaternion_to_euler.py
[9.157s] -- Installing: /home/aditya/Cpps/Dexter/install/dexter_msgs/lib/python3.12/site-packages/dexter_msgs/srv/_dispatch_item_s.c
[9.157s] -- Installing: /home/aditya/Cpps/Dexter/install/dexter_msgs/lib/python3.12/site-packages/dexter_msgs/srv/_add_item.py
[9.157s] -- Installing: /home/aditya/Cpps/Dexter/install/dexter_msgs/lib/python3.12/site-packages/dexter_msgs/srv/_add_item_s.c
[9.157s] -- Installing: /home/aditya/Cpps/Dexter/install/dexter_msgs/lib/python3.12/site-packages/dexter_msgs/srv/_dispatch_item.py
[9.157s] -- Installing: /home/aditya/Cpps/Dexter/install/dexter_msgs/lib/python3.12/site-packages/dexter_msgs/srv/__init__.py
[9.157s] -- Installing: /home/aditya/Cpps/Dexter/install/dexter_msgs/lib/python3.12/site-packages/dexter_msgs/srv/_euler_to_quaternion.py
[9.157s] -- Installing: /home/aditya/Cpps/Dexter/install/dexter_msgs/lib/python3.12/site-packages/dexter_msgs/action
[9.157s] -- Installing: /home/aditya/Cpps/Dexter/install/dexter_msgs/lib/python3.12/site-packages/dexter_msgs/action/_fibonacci.py
[9.157s] -- Installing: /home/aditya/Cpps/Dexter/install/dexter_msgs/lib/python3.12/site-packages/dexter_msgs/action/_dexter_task.py
[9.157s] -- Installing: /home/aditya/Cpps/Dexter/install/dexter_msgs/lib/python3.12/site-packages/dexter_msgs/action/__init__.py
[9.157s] -- Installing: /home/aditya/Cpps/Dexter/install/dexter_msgs/lib/python3.12/site-packages/dexter_msgs/action/_fibonacci_s.c
[9.157s] -- Installing: /home/aditya/Cpps/Dexter/install/dexter_msgs/lib/python3.12/site-packages/dexter_msgs/action/_dexter_task_s.c
[9.211s] Listing '/home/aditya/Cpps/Dexter/install/dexter_msgs/lib/python3.12/site-packages/dexter_msgs'...
[9.211s] Compiling '/home/aditya/Cpps/Dexter/install/dexter_msgs/lib/python3.12/site-packages/dexter_msgs/__init__.py'...
[9.211s] Listing '/home/aditya/Cpps/Dexter/install/dexter_msgs/lib/python3.12/site-packages/dexter_msgs/action'...
[9.211s] Compiling '/home/aditya/Cpps/Dexter/install/dexter_msgs/lib/python3.12/site-packages/dexter_msgs/action/__init__.py'...
[9.211s] Compiling '/home/aditya/Cpps/Dexter/install/dexter_msgs/lib/python3.12/site-packages/dexter_msgs/action/_dexter_task.py'...
[9.211s] Compiling '/home/aditya/Cpps/Dexter/install/dexter_msgs/lib/python3.12/site-packages/dexter_msgs/action/_fibonacci.py'...
[9.211s] Listing '/home/aditya/Cpps/Dexter/install/dexter_msgs/lib/python3.12/site-packages/dexter_msgs/srv'...
[9.211s] Compiling '/home/aditya/Cpps/Dexter/install/dexter_msgs/lib/python3.12/site-packages/dexter_msgs/srv/__init__.py'...
[9.211s] Compiling '/home/aditya/Cpps/Dexter/install/dexter_msgs/lib/python3.12/site-packages/dexter_msgs/srv/_add_item.py'...
[9.212s] Compiling '/home/aditya/Cpps/Dexter/install/dexter_msgs/lib/python3.12/site-packages/dexter_msgs/srv/_add_two_ints.py'...
[9.212s] Compiling '/home/aditya/Cpps/Dexter/install/dexter_msgs/lib/python3.12/site-packages/dexter_msgs/srv/_dispatch_item.py'...
[9.212s] Compiling '/home/aditya/Cpps/Dexter/install/dexter_msgs/lib/python3.12/site-packages/dexter_msgs/srv/_euler_to_quaternion.py'...
[9.212s] Compiling '/home/aditya/Cpps/Dexter/install/dexter_msgs/lib/python3.12/site-packages/dexter_msgs/srv/_quaternion_to_euler.py'...
[9.215s] -- Installing: /home/aditya/Cpps/Dexter/install/dexter_msgs/lib/python3.12/site-packages/dexter_msgs/dexter_msgs_s__rosidl_typesupport_fastrtps_c.so
[9.216s] -- Set non-toolchain portion of runtime path of "/home/aditya/Cpps/Dexter/install/dexter_msgs/lib/python3.12/site-packages/dexter_msgs/dexter_msgs_s__rosidl_typesupport_fastrtps_c.so" to ""
[9.216s] -- Installing: /home/aditya/Cpps/Dexter/install/dexter_msgs/lib/python3.12/site-packages/dexter_msgs/dexter_msgs_s__rosidl_typesupport_introspection_c.so
[9.216s] -- Set non-toolchain portion of runtime path of "/home/aditya/Cpps/Dexter/install/dexter_msgs/lib/python3.12/site-packages/dexter_msgs/dexter_msgs_s__rosidl_typesupport_introspection_c.so" to ""
[9.216s] -- Installing: /home/aditya/Cpps/Dexter/install/dexter_msgs/lib/python3.12/site-packages/dexter_msgs/dexter_msgs_s__rosidl_typesupport_c.so
[9.216s] -- Set non-toolchain portion of runtime path of "/home/aditya/Cpps/Dexter/install/dexter_msgs/lib/python3.12/site-packages/dexter_msgs/dexter_msgs_s__rosidl_typesupport_c.so" to ""
[9.216s] -- Installing: /home/aditya/Cpps/Dexter/install/dexter_msgs/lib/libdexter_msgs__rosidl_generator_py.so
[9.216s] -- Set non-toolchain portion of runtime path of "/home/aditya/Cpps/Dexter/install/dexter_msgs/lib/libdexter_msgs__rosidl_generator_py.so" to ""
[9.216s] -- Installing: /home/aditya/Cpps/Dexter/install/dexter_msgs/share/ament_index/resource_index/rust_packages/dexter_msgs
[9.216s] -- Installing: /home/aditya/Cpps/Dexter/install/dexter_msgs/share/dexter_msgs/rust
[9.216s] -- Installing: /home/aditya/Cpps/Dexter/install/dexter_msgs/share/dexter_msgs/rust/src
[9.216s] -- Installing: /home/aditya/Cpps/Dexter/install/dexter_msgs/share/dexter_msgs/rust/src/action.rs
[9.216s] -- Installing: /home/aditya/Cpps/Dexter/install/dexter_msgs/share/dexter_msgs/rust/src/srv.rs
[9.216s] -- Installing: /home/aditya/Cpps/Dexter/install/dexter_msgs/share/dexter_msgs/rust/src/lib.rs
[9.216s] -- Installing: /home/aditya/Cpps/Dexter/install/dexter_msgs/share/dexter_msgs/rust/src/srv
[9.216s] -- Installing: /home/aditya/Cpps/Dexter/install/dexter_msgs/share/dexter_msgs/rust/src/srv/rmw.rs
[9.217s] -- Installing: /home/aditya/Cpps/Dexter/install/dexter_msgs/share/dexter_msgs/rust/src/action
[9.217s] -- Installing: /home/aditya/Cpps/Dexter/install/dexter_msgs/share/dexter_msgs/rust/src/action/rmw.rs
[9.217s] -- Installing: /home/aditya/Cpps/Dexter/install/dexter_msgs/share/dexter_msgs/rust/Cargo.toml
[9.217s] -- Installing: /home/aditya/Cpps/Dexter/install/dexter_msgs/share/dexter_msgs/rust/build.rs
[9.217s] -- Installing: /home/aditya/Cpps/Dexter/install/dexter_msgs/share/dexter_msgs/srv/AddTwoInts.idl
[9.217s] -- Installing: /home/aditya/Cpps/Dexter/install/dexter_msgs/share/dexter_msgs/srv/EulerToQuaternion.idl
[9.217s] -- Installing: /home/aditya/Cpps/Dexter/install/dexter_msgs/share/dexter_msgs/srv/QuaternionToEuler.idl
[9.217s] -- Installing: /home/aditya/Cpps/Dexter/install/dexter_msgs/share/dexter_msgs/action/Fibonacci.idl
[9.217s] -- Installing: /home/aditya/Cpps/Dexter/install/dexter_msgs/share/dexter_msgs/action/DexterTask.idl
[9.217s] -- Installing: /home/aditya/Cpps/Dexter/install/dexter_msgs/share/dexter_msgs/srv/DispatchItem.idl
[9.217s] -- Installing: /home/aditya/Cpps/Dexter/install/dexter_msgs/share/dexter_msgs/srv/AddItem.idl
[9.217s] -- Installing: /home/aditya/Cpps/Dexter/install/dexter_msgs/share/dexter_msgs/srv/AddTwoInts.srv
[9.217s] -- Installing: /home/aditya/Cpps/Dexter/install/dexter_msgs/share/dexter_msgs/srv/EulerToQuaternion.srv
[9.217s] -- Installing: /home/aditya/Cpps/Dexter/install/dexter_msgs/share/dexter_msgs/srv/QuaternionToEuler.srv
[9.217s] -- Installing: /home/aditya/Cpps/Dexter/install/dexter_msgs/share/dexter_msgs/action/Fibonacci.action
[9.217s] -- Installing: /home/aditya/Cpps/Dexter/install/dexter_msgs/share/dexter_msgs/action/DexterTask.action
[9.217s] -- Installing: /home/aditya/Cpps/Dexter/install/dexter_msgs/share/dexter_msgs/srv/DispatchItem.srv
[9.217s] -- Installing: /home/aditya/Cpps/Dexter/install/dexter_msgs/share/dexter_msgs/srv/AddItem.srv
[9.217s] -- Installing: /home/aditya/Cpps/Dexter/install/dexter_msgs/share/ament_index/resource_index/package_run_dependencies/dexter_msgs
[9.217s] -- Installing: /home/aditya/Cpps/Dexter/install/dexter_msgs/share/ament_index/resource_index/parent_prefix_path/dexter_msgs
[9.217s] -- Installing: /home/aditya/Cpps/Dexter/install/dexter_msgs/share/dexter_msgs/environment/ament_prefix_path.sh
[9.218s] -- Installing: /home/aditya/Cpps/Dexter/install/dexter_msgs/share/dexter_msgs/environment/ament_prefix_path.dsv
[9.218s] -- Installing: /home/aditya/Cpps/Dexter/install/dexter_msgs/share/dexter_msgs/environment/path.sh
[9.218s] -- Installing: /home/aditya/Cpps/Dexter/install/dexter_msgs/share/dexter_msgs/environment/path.dsv
[9.218s] -- Installing: /home/aditya/Cpps/Dexter/install/dexter_msgs/share/dexter_msgs/local_setup.bash
[9.218s] -- Installing: /home/aditya/Cpps/Dexter/install/dexter_msgs/share/dexter_msgs/local_setup.sh
[9.218s] -- Installing: /home/aditya/Cpps/Dexter/install/dexter_msgs/share/dexter_msgs/local_setup.zsh
[9.218s] -- Installing: /home/aditya/Cpps/Dexter/install/dexter_msgs/share/dexter_msgs/local_setup.dsv
[9.218s] -- Installing: /home/aditya/Cpps/Dexter/install/dexter_msgs/share/dexter_msgs/package.dsv
[9.218s] -- Installing: /home/aditya/Cpps/Dexter/install/dexter_msgs/share/ament_index/resource_index/packages/dexter_msgs
[9.218s] -- Installing: /home/aditya/Cpps/Dexter/install/dexter_msgs/share/dexter_msgs/cmake/export_dexter_msgs__rosidl_generator_cExport.cmake
[9.218s] -- Installing: /home/aditya/Cpps/Dexter/install/dexter_msgs/share/dexter_msgs/cmake/export_dexter_msgs__rosidl_generator_cExport-noconfig.cmake
[9.218s] -- Installing: /home/aditya/Cpps/Dexter/install/dexter_msgs/share/dexter_msgs/cmake/export_dexter_msgs__rosidl_typesupport_fastrtps_cExport.cmake
[9.218s] -- Installing: /home/aditya/Cpps/Dexter/install/dexter_msgs/share/dexter_msgs/cmake/export_dexter_msgs__rosidl_typesupport_fastrtps_cExport-noconfig.cmake
[9.218s] -- Installing: /home/aditya/Cpps/Dexter/install/dexter_msgs/share/dexter_msgs/cmake/export_dexter_msgs__rosidl_generator_cppExport.cmake
[9.218s] -- Installing: /home/aditya/Cpps/Dexter/install/dexter_msgs/share/dexter_msgs/cmake/export_dexter_msgs__rosidl_typesupport_fastrtps_cppExport.cmake
[9.218s] -- Installing: /home/aditya/Cpps/Dexter/install/dexter_msgs/share/dexter_msgs/cmake/export_dexter_msgs__rosidl_typesupport_fastrtps_cppExport-noconfig.cmake
[9.218s] -- Installing: /home/aditya/Cpps/Dexter/install/dexter_msgs/share/dexter_msgs/cmake/dexter_msgs__rosidl_typesupport_introspection_cExport.cmake
[9.218s] -- Installing: /home/aditya/Cpps/Dexter/install/dexter_msgs/share/dexter_msgs/cmake/dexter_msgs__rosidl_typesupport_introspection_cExport-noconfig.cmake
[9.219s] -- Installing: /home/aditya/Cpps/Dexter/install/dexter_msgs/share/dexter_msgs/cmake/dexter_msgs__rosidl_typesupport_cExport.cmake
[9.219s] -- Installing: /home/aditya/Cpps/Dexter/install/dexter_msgs/share/dexter_msgs/cmake/dexter_msgs__rosidl_typesupport_cExport-noconfig.cmake
[9.219s] -- Installing: /home/aditya/Cpps/Dexter/install/dexter_msgs/share/dexter_msgs/cmake/dexter_msgs__rosidl_typesupport_introspection_cppExport.cmake
[9.219s] -- Installing: /home/aditya/Cpps/Dexter/install/dexter_msgs/share/dexter_msgs/cmake/dexter_msgs__rosidl_typesupport_introspection_cppExport-noconfig.cmake
[9.219s] -- Installing: /home/aditya/Cpps/Dexter/install/dexter_msgs/share/dexter_msgs/cmake/dexter_msgs__rosidl_typesupport_cppExport.cmake
[9.219s] -- Installing: /home/aditya/Cpps/Dexter/install/dexter_msgs/share/dexter_msgs/cmake/dexter_msgs__rosidl_typesupport_cppExport-noconfig.cmake
[9.219s] -- Installing: /home/aditya/Cpps/Dexter/install/dexter_msgs/share/dexter_msgs/cmake/export_dexter_msgs__rosidl_generator_pyExport.cmake
[9.219s] -- Installing: /home/aditya/Cpps/Dexter/install/dexter_msgs/share/dexter_msgs/cmake/export_dexter_msgs__rosidl_generator_pyExport-noconfig.cmake
[9.219s] -- Installing: /home/aditya/Cpps/Dexter/install/dexter_msgs/share/dexter_msgs/cmake/rosidl_cmake-extras.cmake
[9.219s] -- Installing: /home/aditya/Cpps/Dexter/install/dexter_msgs/share/dexter_msgs/cmake/ament_cmake_export_dependencies-extras.cmake
[9.219s] -- Installing: /home/aditya/Cpps/Dexter/install/dexter_msgs/share/dexter_msgs/cmake/ament_cmake_export_include_directories-extras.cmake
[9.219s] -- Installing: /home/aditya/Cpps/Dexter/install/dexter_msgs/share/dexter_msgs/cmake/ament_cmake_export_libraries-extras.cmake
[9.219s] -- Installing: /home/aditya/Cpps/Dexter/install/dexter_msgs/share/dexter_msgs/cmake/ament_cmake_export_targets-extras.cmake
[9.219s] -- Installing: /home/aditya/Cpps/Dexter/install/dexter_msgs/share/dexter_msgs/cmake/rosidl_cmake_export_typesupport_targets-extras.cmake
[9.219s] -- Installing: /home/aditya/Cpps/Dexter/install/dexter_msgs/share/dexter_msgs/cmake/rosidl_cmake_export_typesupport_libraries-extras.cmake
[9.219s] -- Installing: /home/aditya/Cpps/Dexter/install/dexter_msgs/share/dexter_msgs/cmake/dexter_msgsConfig.cmake
[9.219s] -- Installing: /home/aditya/Cpps/Dexter/install/dexter_msgs/share/dexter_msgs/cmake/dexter_msgsConfig-version.cmake
[9.219s] -- Installing: /home/aditya/Cpps/Dexter/install/dexter_msgs/share/dexter_msgs/package.xml
[9.221s] Invoked command in '/home/aditya/Cpps/Dexter/build/dexter_msgs' returned '0': CMAKE_PREFIX_PATH=${CMAKE_PREFIX_PATH}:/home/aditya/ros2_ws/install/my_py_pkg:/opt/ros/jazzy DEBUGINFOD_URLS=https://debuginfod.ubuntu.com PS1=\[\e]0;\u@\h: \w\a\]${debian_chroot:+($debian_chroot)}\[\033[01;32m\]\u@\h\[\033[00m\]:\[\033[01;34m\]\w\[\033[00m\]\$ VIRTUAL_ENV_PROMPT=(venv-ardupilot) /usr/bin/cmake --install /home/aditya/Cpps/Dexter/build/dexter_msgs
